listing @MrWissen2go…
200 ids, 197 not yet in the catalogue
  [1/197] a7FlrgMkNMM … 294 lines, de
  [2/197] p8iwsg64rjs … 319 lines, de
  [3/197] wfSBfdubpt4 … 367 lines, de
  [4/197] NEkUCoQf0Sk … 302 lines, de
  [5/197] aF3TE0acyTs … 366 lines, de
  [6/197] BZVRgZ5Dg68 … 322 lines, de
  [7/197] 68br0SiSx_c … 168 lines, de
  [8/197] r_jz8X9_Wew … 379 lines, de
  [9/197] 8v55eFkxZrQ … 344 lines, de
  [10/197] rGjSevGzEOw … 322 lines, de
  [11/197] rYR-XFA_WrE … 396 lines, de
  [12/197] _OillFSArng … 384 lines, de
  [13/197] VD5UjR_qGUA … 303 lines, de
  [14/197] taVEYpIwwbY … 446 lines, de
  [15/197] Mt0wAFkRzlI … 463 lines, de
  [16/197] PUg-020Isng … 414 lines, de
  [17/197] Lo8spcihIhk … 218 lines, de
  [18/197] DxlQCJZUdVo … 397 lines, de
  [19/197] aW7deokLfls … 276 lines, de
  [20/197] CBiiRwktNKY … 327 lines, de
  [21/197] nzSwP8qviDs … 280 lines, de
  [22/197] _7oHs7LTT-M … 392 lines, de
  [23/197] cdN8aL2_hiY … 357 lines, de
  [24/197] gj0JV5BA4I4 … 351 lines, de
  [25/197] 63Vrds4W8FM … 418 lines, de
  [26/197] iF8crBezySA … 373 lines, de
  [27/197] mOgzrsfM-BA … 311 lines, de
  [28/197] fvMbJHASc5o … 348 lines, de
  [29/197] c7UWU0JDVFM … 352 lines, de
  [30/197] RgwO0qVFW-Q … 455 lines, de
  [31/197] kBUzEoX5ENI … 367 lines, de
  [32/197] nir0KeCCRnw … 379 lines, de
  [33/197] 6lKfx1uer9k … 307 lines, de
  [34/197] Q0uFqATnGTM … 339 lines, de
  [35/197] TtRSu9L1oNI … 283 lines, de
  [36/197] rDMlDbEGTs0 … 341 lines, de
  [37/197] eKniXUxA274 … 279 lines, de
  [38/197] 8I-OeMf5_7Y … 432 lines, de
  [39/197] cR9efQAjjvo … 357 lines, de
  [40/197] BTmH6aKenK0 … 383 lines, de
  [41/197] 9l2dAPhEJos … 193 lines, de
  [42/197] 6_JsAYterZQ … 308 lines, de
  [43/197] 5rbPAJYZVYI … 386 lines, de
  [44/197] ozXzE2oy7sU … 348 lines, de
  [45/197] h4v2KsNesvM … 263 lines, de
  [46/197] S_lw4b_9Gyc … 288 lines, de
  [47/197] JgABV5jX4Fw … 296 lines, de
  [48/197] 4LinjP1WHVk … 301 lines, de
  [49/197] U6GW6gzIywo … 261 lines, de
  [50/197] _A2MwygtCNU … 268 lines, de
  [51/197] ThgDIFU0hSA … 315 lines, de
  [52/197] ypKDRsIgnIU … 349 lines, de
  [53/197] SGvv-xIoStA … 325 lines, de
  [54/197] ry14rWz0F5c … 561 lines, de
  [55/197] D0y4dwQmHmc … 371 lines, de
  [56/197] PrcWWCGsN5U … 374 lines, de
  [57/197] sLI1Dg5-Twg … 363 lines, de
  [58/197] i2t4S3RJgys … 338 lines, de
  [59/197] 72P1fY8NXs4 … 280 lines, de
  [60/197] OPFwv5sy51E … 247 lines, de
  [61/197] xD3O3ifP87M … 316 lines, de
  [62/197] _gHmFBsxupU … 232 lines, de
  [63/197] 50mk4uaDybc … 364 lines, de
  [64/197] sHlxIAN_5jM … 269 lines, de
  [65/197] DHHBy760b0Y … 258 lines, de
  [66/197] XV5pjEo6UXA … 403 lines, de
  [67/197] f0f4jC56MTs … 302 lines, de
  [68/197] NcPJVH-9s-o … 303 lines, de
  [69/197] J85uI0MkOyc … 474 lines, de
  [70/197] v4am8MS1C48 … skipped
  [71/197] JDfJRb4rxH0 … skipped
  [72/197] SJP2M5IumRc … skipped
  [73/197] 1aAx6xW72Mo … skipped
  [74/197] -PlfwHI2ma0 … 343 lines, de
  [75/197] xP2owMKMFEU … skipped
  [76/197] 8_wD4FJOWUg … 339 lines, de
  [77/197] gIusDqd9y2Y … 356 lines, de
  [78/197] VGVc61Rw5go … skipped
  [79/197] cd67_M-a5xE … 371 lines, de
  [80/197] 6FDmdAdiyUw … skipped
  [81/197] yopC5K3tJCk … skipped
  [82/197] 4h3w-IPhKaY … 307 lines, de
  [83/197] XVySJVU2U7o … 277 lines, de
  [84/197] u-rAURtlwn0 … 323 lines, de
  [85/197] X4BzEfN_3MI … 316 lines, de
  [86/197] 77gsB-KArcY … 246 lines, de
  [87/197] Q0Yu7flRQG8 … 281 lines, de
  [88/197] y5Mbn-5AVOI … 512 lines, de
  [89/197] xFmGP2gMFkI … 282 lines, de
  [90/197] 4wFxhmbmC9s … 267 lines, de
  [91/197] MIFvtmcCuM0 … 271 lines, de
  [92/197] LiHQ5_yXkUs … 274 lines, de
  [93/197] iS21Z6QXvPg … 278 lines, de
  [94/197] aHYv6qZtzL4 … skipped
  [95/197] SDBbruo9jik … 293 lines, de
  [96/197] MzsBDMD9vO8 … 310 lines, de
  [97/197] VaINrDPOR8s … 601 lines, de
  [98/197] RKZtTLcJq3c … 354 lines, de
  [99/197] qJSuPeuvr78 … skipped
  [100/197] BBZOfszTmZI … 466 lines, de
  [101/197] 7Woq1ueaZpE … skipped
  [102/197] BocEBgPfSjY … skipped
  [103/197] 8aEPBGFtVT0 … skipped
  [104/197] uUw-zvX_828 … 290 lines, de
  [105/197] N6F7uaoYyDU … 395 lines, de
  [106/197] KniYH5SqSwQ … 339 lines, de
  [107/197] 4_usAyCcBcM … 313 lines, de
  [108/197] qUtfJs5zfGk … 419 lines, de
  [109/197] 2VyID0MpxuQ … 325 lines, de
  [110/197] DAd_SwiwH04 … 343 lines, de
  [111/197] iFpCLjAE8MM … skipped
  [112/197] PN2h_JRo7QU … 338 lines, de
  [113/197] b4TNChVH7zc … 466 lines, de
  [114/197] nnMUO_6axfM … 344 lines, de
  [115/197] 43q3AfS9qMY … skipped
  [116/197] zj-YeV7Z3hU … 293 lines, de
  [117/197] 4huvAQ98f18 … 371 lines, de
  [118/197] yjoQx5WpNVU … 318 lines, de
  [119/197] ObDrBJIPMtc … 410 lines, de
  [120/197] ZnD8ssgV9No … skipped
  [121/197] Ydt0v9KYcww … skipped
  [122/197] GDKjxv78PWI … 329 lines, de
  [123/197] bhYYQN_qP3o … skipped
  [124/197] Gw7IbNuJ3nw … 319 lines, de
  [125/197] 05_ErqrLcvE … 317 lines, de
  [126/197] GC1lE6KvoWk … 316 lines, de
  [127/197] Uc0pYNOWqN8 … skipped
  [128/197] y1g_AJnge3E … skipped
  [129/197] Y_zS8jOYid4 … 393 lines, de
  [130/197] BiosUi_Bf8E … 322 lines, de
  [131/197] qGxHMjai01g … 373 lines, de
  [132/197] IOAnfChTVV4 … 355 lines, de
  [133/197] TDNDZZ2Rz08 … 306 lines, de
  [134/197] bLH-Xh_y4uU … 320 lines, de
  [135/197] Oq2OcgDRtiY … skipped
  [136/197] EUE6lQ0Zx5Q … skipped
  [137/197] w_dwDAC_nXE … skipped
  [138/197] hv0Hz2XMGXA … 369 lines, de
  [139/197] NCwL33aruH0 … 306 lines, de
  [140/197] r6Yz_mE7mCA … 331 lines, de
  [141/197] ipjl0efaZ7Y … 333 lines, de
  [142/197] DRY3qPHsKwQ … 390 lines, de
  [143/197] N3CQ_tWFBc4 … 447 lines, de
  [144/197] 26Ac1VJgd64 … 338 lines, de
  [145/197] 6gSXY1ALN2g … 377 lines, de
  [146/197] HQTggSUfZPI … 419 lines, de
  [147/197] ovtxIJz-khM … 325 lines, de
  [148/197] 4K-7BSnfm78 … 349 lines, de
  [149/197] 3PPd4lYvP0s … 300 lines, de
  [150/197] VhU121UL9WE … 239 lines, de
  [151/197] HJfcE9nm7Mk … 225 lines, de
  [152/197] 5yv_v56h2_E … 295 lines, de
  [153/197] -PRxlCN1Owk … 439 lines, de
  [154/197] rCWBUGLyxm8 … 338 lines, de
  [155/197] Dgd9TJeXhB4 … 383 lines, de
  [156/197] 380f2wUwEYs … 250 lines, de
  [157/197] oswucx2mZ0c … 483 lines, de
  [158/197] Pd-YCV0g6Cs … 304 lines, de
  [159/197] Dmhm8dTn2nY … 424 lines, de
  [160/197] ladcmJQxgiQ … skipped
  [161/197] pvLM1MI44U0 … 331 lines, de
  [162/197] rjoYPI0hSDk … skipped
  [163/197] TXFM5o_cdDQ … 252 lines, de
  [164/197] FiqS4rlKZFY … skipped
  [165/197] 2o3yqD1gJgo … 350 lines, de
  [166/197] qzNeTCZpoik … 355 lines, de
  [167/197] f-YHZOjNHYM … 534 lines, de
  [168/197] mDJFP58ock0 … 455 lines, de
  [169/197] LduT5XIVt_U … 330 lines, de
  [170/197] OKB1Zjr2axk … 354 lines, de
  [171/197] 7X8LK-RgfFs … skipped
  [172/197] BTTvv0nJDeo … 333 lines, de
  [173/197] be8UY7sg3wU … 307 lines, de
  [174/197] nJhuAWZVy_Q … 474 lines, de
  [175/197] o3zQsbYXkhM … skipped
  [176/197] MSYI3jSpDjk … 307 lines, de
  [177/197] _aWpwAyMR-0 … skipped
  [178/197] -dQmKL9xRds … 330 lines, de
  [179/197] MI2Do7D7d4Y … 249 lines, de
  [180/197] F8MwRbMXgnw … 313 lines, de
  [181/197] HFiJRJer0gs … skipped
  [182/197] 6PigxzKR84w … 362 lines, de
  [183/197] _EJLZxZR-_M … 406 lines, de
  [184/197] PrAYjgCBORw … 383 lines, de
  [185/197] 7o5PzmsrbWQ … 305 lines, de
  [186/197] l7eGIVjeo0k … 292 lines, de
  [187/197] 8j9qUz4RX2M … 435 lines, de
  [188/197] 0gu1gDgQ2Ck … 361 lines, de
  [189/197] sNKHvL_86oc … 296 lines, de
  [190/197] rMB0Wxp5eHc … 349 lines, de
  [191/197] zkqnrUHT2Eg … 363 lines, de
  [192/197] OpbRlwzwYls … skipped
  [193/197] Xs1JrQ9Ahb0 … 311 lines, de
  [194/197] KYZkyrOc7FA … 434 lines, de
  [195/197] GfOG58T6GS8 … 394 lines, de
  [196/197] MVIz5nLp2tY … 183 lines, de
  [197/197] QujoO8CLGMw … 305 lines, de

166 added, 31 skipped
  attempts on record: added 471, error 12, unfetchable 139
  v4am8MS1C48: v4am8MS1C48: no de subtitles came back, and the video could not be inspected to say why.
  JDfJRb4rxH0: JDfJRb4rxH0: no de subtitles came back, and the video could not be inspected to say why.
  SJP2M5IumRc: SJP2M5IumRc: no de subtitles came back, and the video could not be inspected to say why.
  1aAx6xW72Mo: 1aAx6xW72Mo: no de subtitles came back, and the video could not be inspected to say why.
  xP2owMKMFEU: xP2owMKMFEU: no de subtitles came back, and the video could not be inspected to say why.
  VGVc61Rw5go: VGVc61Rw5go: no de subtitles came back, and the video could not be inspected to say why.
  6FDmdAdiyUw: 6FDmdAdiyUw: no de subtitles came back, and the video could not be inspected to say why.
  yopC5K3tJCk: yopC5K3tJCk: no de subtitles came back, and the video could not be inspected to say why.
  aHYv6qZtzL4: aHYv6qZtzL4: no de subtitles came back, and the video could not be inspected to say why.
  qJSuPeuvr78: qJSuPeuvr78: no de subtitles came back, and the video could not be inspected to say why.
  7Woq1ueaZpE: 7Woq1ueaZpE: no de subtitles came back, and the video could not be inspected to say why.
  BocEBgPfSjY: BocEBgPfSjY: no de subtitles came back, and the video could not be inspected to say why.
  8aEPBGFtVT0: 8aEPBGFtVT0: no de subtitles came back, and the video could not be inspected to say why.
  iFpCLjAE8MM: iFpCLjAE8MM: no de subtitles came back, and the video could not be inspected to say why.
  43q3AfS9qMY: 43q3AfS9qMY: no de subtitles came back, and the video could not be inspected to say why.
  ZnD8ssgV9No: ZnD8ssgV9No: no de subtitles came back, and the video could not be inspected to say why.
  Ydt0v9KYcww: Ydt0v9KYcww: no de subtitles came back, and the video could not be inspected to say why.
  bhYYQN_qP3o: bhYYQN_qP3o: no de subtitles came back, and the video could not be inspected to say why.
  Uc0pYNOWqN8: Uc0pYNOWqN8: no de subtitles came back, and the video could not be inspected to say why.
  y1g_AJnge3E: y1g_AJnge3E: no de subtitles came back, and the video could not be inspected to say why.
  Oq2OcgDRtiY: Oq2OcgDRtiY: no de subtitles came back, and the video could not be inspected to say why.
  EUE6lQ0Zx5Q: EUE6lQ0Zx5Q: no de subtitles came back, and the video could not be inspected to say why.
  w_dwDAC_nXE: w_dwDAC_nXE: no de subtitles came back, and the video could not be inspected to say why.
  ladcmJQxgiQ: ladcmJQxgiQ: no de subtitles came back, and the video could not be inspected to say why.
  rjoYPI0hSDk: rjoYPI0hSDk: no de subtitles came back, and the video could not be inspected to say why.
  FiqS4rlKZFY: FiqS4rlKZFY: no de subtitles came back, and the video could not be inspected to say why.
  7X8LK-RgfFs: 7X8LK-RgfFs: no de subtitles came back, and the video could not be inspected to say why.
  o3zQsbYXkhM: o3zQsbYXkhM: no de subtitles came back, and the video could not be inspected to say why.
  _aWpwAyMR-0: _aWpwAyMR-0: no de subtitles came back, and the video could not be inspected to say why.
  HFiJRJer0gs: HFiJRJer0gs: no de subtitles came back, and the video could not be inspected to say why.
  OpbRlwzwYls: OpbRlwzwYls: no de subtitles came back, and the video could not be inspected to say why.

analysing the new videos…
  23089 sentences to study from, 5342 more for the overlay
  roadmap [subtitle+transcript:good:list:goals]: 5 steps
  roadmap [subtitle+transcript:good:strict:goals]: 73 steps
  roadmap [subtitle:good:list:goals]: 7 steps
  roadmap [subtitle:good:strict:goals]: 88 steps
  roadmap [subtitle:list:goals]: 6 steps
