  1 repeated id in the list
23 ids, 22 not yet in the catalogue
  [1/22] mKlga_U3pmI … 248 lines, de
  [2/22] jesltV5W5a4 … skipped
  [3/22] LRpzr2ZLKUI … 311 lines, de
  [4/22] 4836s3AC5_Y … 344 lines, de
  [5/22] Bm3YvDiHWBY … 300 lines, de
  [6/22] G3SEEdNapfU … 83 lines, de
  [7/22] UORaosLTn80 … 93 lines, de
  [8/22] 0yGRgERiPCI … 153 lines, de
  [9/22] 8L-i4kMlIEE … 105 lines, de
  [10/22] YfbLPVqJi2k … 419 lines, de
  [11/22] neyG9W8Lxpc … 290 lines, de
  [12/22] 8XvH7RAWO-Y … 59 lines, de
  [13/22] C6OR82i2hA4 … 405 lines, de
  [14/22] HrpXgqFcN0k … 543 lines, de
  [15/22] -5ADRpG7Tt8 … 236 lines, de
  [16/22] RZ__rgVdhLg … 183 lines, de
  [17/22] Vf2wgqx4ffo … 130 lines, de
  [18/22] sxWAnQyZ3Eg … 279 lines, de
  [19/22] 0n_ajjEkCoE … 215 lines, de
  [20/22] stra6yebsO0 … 353 lines, de
  [21/22] is7Y5GJ7qxs … 344 lines, de
  [22/22] DakRXeIEDy8 … 179 lines, de

21 added, 1 skipped
  attempts on record: added 245, error 10, unfetchable 65
  jesltV5W5a4: jesltV5W5a4: no de subtitles came back, and the video could not be inspected to say why.

analysing the new videos…
  2221 sentences to study from, 745 more for the overlay
  roadmap [subtitle+transcript:good:list:goals]: 0 steps
  roadmap [subtitle+transcript:good:strict:goals]: 13 steps
  roadmap [subtitle:good:list:goals]: 0 steps
  roadmap [subtitle:good:strict:goals]: 17 steps
  roadmap [subtitle:list:goals]: 0 steps
