listing @musstewissenDeutsch…
110 ids, 106 not yet in the catalogue
  [1/106] ZnQiXDyHJcY … skipped
  [2/106] YSwo2F1m_NE … 105 lines, de
  [3/106] qxGbNRuQ9T8 … 166 lines, de
  [4/106] zqrA5SdyjcE … 308 lines, de
  [5/106] ZulK0tyaqfQ … 138 lines, de
  [6/106] k2vpX2tE4Sc … 116 lines, de
  [7/106] ZKdqFt6hpz4 … 22 lines, de
  [8/106] ZFOjwaeDfSA … 108 lines, de
  [9/106] KQfq7Nzcwk0 … 29 lines, de
  [10/106] 3W_DRMGQTnQ … 82 lines, de
  [11/106] jHwT6F9GCH8 … 47 lines, de
  [12/106] 96XELQrf-v4 … 91 lines, de
  [13/106] yaHiRiATyME … 31 lines, de
  [14/106] sEb-PlGh1gI … 38 lines, de
  [15/106] ntMl9K7GXYk … 34 lines, de
  [16/106] a4dzkpvLSyc … 175 lines, de
  [17/106] EAir08ojhPo … 34 lines, de
  [18/106] aOKXyLaNjSw … 101 lines, de
  [19/106] gtQbnuR_sUw … 26 lines, de
  [20/106] 7zRvRQoOS_E … 103 lines, de
  [21/106] shIgYclo6MY … 91 lines, de
  [22/106] yIV0pA1CjGQ … skipped
  [23/106] _sq4APa1C1c … skipped
  [24/106] wB4g_d07URU … 107 lines, de
  [25/106] WYSx64_koWQ … 114 lines, de
  [26/106] aGTFdJKCyxg … skipped
  [27/106] jZEYfSCk6JM … skipped
  [28/106] ECazrcAfNHw … 37 lines, de
  [29/106] LZeDZZGjWNs … 124 lines, de
  [30/106] GMkMdffs7tI … skipped
  [31/106] MK0pwUPshME … 185 lines, de
  [32/106] 469z7qbm3FU … 54 lines, de
  [33/106] 4Gc0iy7jgOQ … 112 lines, de
  [34/106] UopiSkfphHU … 43 lines, de
  [35/106] or69Rc75FAg … skipped
  [36/106] KVKTMNVkeVE … 90 lines, de
  [37/106] a6rEbz4CYFY … 71 lines, de
  [38/106] 2iMZzKEHAVU … skipped
  [39/106] mVtQJUgKeqc … 114 lines, de
  [40/106] SjQyKoQ07AQ … skipped
  [41/106] rh5MUxhUUEE … 201 lines, de
  [42/106] 6hhhDLde2q0 … skipped
  [43/106] 7D-AlWATkNk … skipped
  [44/106] rV6Bf0SFkCk … skipped
  [45/106] ipoJ0RUlYMA … 105 lines, de
  [46/106] GLfBwjUXxUo … skipped
  [47/106] 63Kw-hMaYOk … skipped
  [48/106] UgSU5NM00ao … 125 lines, de
  [49/106] K_4gxKSySoM … skipped
  [50/106] 0bNt763kUEM … 45 lines, de
  [51/106] ZGdQUhLs0Mw … skipped
  [52/106] g1TO2naQweA … skipped
  [53/106] I3ULi51jPWw … skipped
  [54/106] qes7OrZx3ms … skipped
  [55/106] ZaHLLJub8yU … skipped
  [56/106] I3E3seibiuQ … skipped
  [57/106] Ci0mnEECoPE … skipped
  [58/106] M3p11yGM5CI … 101 lines, de
  [59/106] 77iNs1NpT7Y … skipped
  [60/106] i2uBApEzAdU … 97 lines, de
  [61/106] 63E_GY1DDb0 … 52 lines, de
  [62/106] JuBNApoGAgc … 89 lines, de
  [63/106] pk_sfboGLTE … 113 lines, de
  [64/106] N_faVcrB5zw … 86 lines, de
  [65/106] YqfWm1XIhrY … 89 lines, de
  [66/106] JRFvJR8oQBk … 120 lines, de
  [67/106] NBMPa27Muiw … 53 lines, de
  [68/106] 1CX56ANNnr4 … 53 lines, de
  [69/106] _hJ9VjNM9eA … 44 lines, de
  [70/106] -gv5jb8Zpb8 … 138 lines, de
  [71/106] EX8_hkVU0wc … 71 lines, de
  [72/106] f-75XBb2ZiI … 98 lines, de
  [73/106] tJPxAo94gPo … 169 lines, de
  [74/106] L3nGz9JBjyg … 147 lines, de
  [75/106] I1rt3XNHyB4 … 81 lines, de
  [76/106] jmP2w-Qa_LE … 130 lines, de
  [77/106] 04qvuuwKmgU … 56 lines, de
  [78/106] YkWfQUqRE2c … 85 lines, de
  [79/106] IsU5y8pCNHk … 87 lines, de
  [80/106] K5jzvz8TxWQ … skipped
  [81/106] GFlyLYWiqVk … skipped
  [82/106] 9RPHKf9CSLg … 58 lines, de
  [83/106] Fshv9vt6h3U … 68 lines, de
  [84/106] cozmIhhFHXs … 127 lines, de
  [85/106] _Oc2JcWBqys … 169 lines, de
  [86/106] Ft_11W0GGtU … skipped
  [87/106] QuBgso27XSw … skipped
  [88/106] WREpAUH4cs8 … skipped
  [89/106] seXhbvUYKgk … skipped
  [90/106] fl-_6iBk_wc … skipped
  [91/106] igiBdYbSGJU … skipped
  [92/106] CWGsVuoBoTA … skipped
  [93/106] Z0tycyE7VXU … skipped
  [94/106] vXuyvv7t9hs … skipped
  [95/106] WM6A7J8hC-w … skipped
  [96/106] j0iHvIoylm0 … skipped
  [97/106] Q9aI6avNECs … skipped
  [98/106] Nb-th6Fmpig … skipped
  [99/106] 8ekATBUiqRQ … skipped
  [100/106] UwCenSz5sIA … skipped
  [101/106] KQYsDgEH1nk … skipped
  [102/106] 2p5rDktaaOg … skipped
  [103/106] 2ce5IeykvWo … skipped
  [104/106] zPyNsuNHl5w … skipped
  [105/106] zLQIk6SeyA4 … skipped
  [106/106] 4cT_4ZfV-gI … skipped

60 added, 46 skipped
  attempts on record: added 305, error 12, unfetchable 108
  ZnQiXDyHJcY: ZnQiXDyHJcY: no de subtitles came back, and the video could not be inspected to say why.
  yIV0pA1CjGQ: yIV0pA1CjGQ: no de subtitles came back, and the video could not be inspected to say why.
  _sq4APa1C1c: _sq4APa1C1c: no de subtitles came back, and the video could not be inspected to say why.
  aGTFdJKCyxg: aGTFdJKCyxg: no de subtitles came back, and the video could not be inspected to say why.
  jZEYfSCk6JM: jZEYfSCk6JM: no de subtitles came back, and the video could not be inspected to say why.
  GMkMdffs7tI: GMkMdffs7tI: no de subtitles came back, and the video could not be inspected to say why.
  or69Rc75FAg: or69Rc75FAg: no de subtitles came back, and the video could not be inspected to say why.
  2iMZzKEHAVU: 2iMZzKEHAVU: no de subtitles came back, and the video could not be inspected to say why.
  SjQyKoQ07AQ: SjQyKoQ07AQ: no de subtitles came back, and the video could not be inspected to say why.
  6hhhDLde2q0: 6hhhDLde2q0: no de subtitles came back, and the video could not be inspected to say why.
  7D-AlWATkNk: 7D-AlWATkNk: no de subtitles came back, and the video could not be inspected to say why.
  rV6Bf0SFkCk: rV6Bf0SFkCk: no de subtitles came back, and the video could not be inspected to say why.
  GLfBwjUXxUo: GLfBwjUXxUo: no de subtitles came back, and the video could not be inspected to say why.
  63Kw-hMaYOk: 63Kw-hMaYOk: no de subtitles came back, and the video could not be inspected to say why.
  K_4gxKSySoM: K_4gxKSySoM: no de subtitles came back, and the video could not be inspected to say why.
  ZGdQUhLs0Mw: ZGdQUhLs0Mw: no de subtitles came back, and the video could not be inspected to say why.
  g1TO2naQweA: g1TO2naQweA: no de subtitles came back, and the video could not be inspected to say why.
  I3ULi51jPWw: I3ULi51jPWw: no de subtitles came back, and the video could not be inspected to say why.
  qes7OrZx3ms: qes7OrZx3ms: no de subtitles came back, and the video could not be inspected to say why.
  ZaHLLJub8yU: ZaHLLJub8yU: no de subtitles came back, and the video could not be inspected to say why.
  I3E3seibiuQ: I3E3seibiuQ: no de subtitles came back, and the video could not be inspected to say why.
  Ci0mnEECoPE: Ci0mnEECoPE: only 18 caption lines — too little to be worth keeping.
  77iNs1NpT7Y: 77iNs1NpT7Y: only 8 caption lines — too little to be worth keeping.
  K5jzvz8TxWQ: K5jzvz8TxWQ: no de subtitles came back, and the video could not be inspected to say why.
  GFlyLYWiqVk: GFlyLYWiqVk: no de subtitles came back, and the video could not be inspected to say why.
  Ft_11W0GGtU: Ft_11W0GGtU: no de subtitles came back, and the video could not be inspected to say why.
  QuBgso27XSw: QuBgso27XSw: no de subtitles came back, and the video could not be inspected to say why.
  WREpAUH4cs8: WREpAUH4cs8: no de subtitles came back, and the video could not be inspected to say why.
  seXhbvUYKgk: seXhbvUYKgk: no de subtitles came back, and the video could not be inspected to say why.
  fl-_6iBk_wc: fl-_6iBk_wc: no de subtitles came back, and the video could not be inspected to say why.
  igiBdYbSGJU: igiBdYbSGJU: no de subtitles came back, and the video could not be inspected to say why.
  CWGsVuoBoTA: CWGsVuoBoTA: no de subtitles came back, and the video could not be inspected to say why.
  Z0tycyE7VXU: Z0tycyE7VXU: no de subtitles came back, and the video could not be inspected to say why.
  vXuyvv7t9hs: vXuyvv7t9hs: no de subtitles came back, and the video could not be inspected to say why.
  WM6A7J8hC-w: WM6A7J8hC-w: no de subtitles came back, and the video could not be inspected to say why.
  j0iHvIoylm0: j0iHvIoylm0: no de subtitles came back, and the video could not be inspected to say why.
  Q9aI6avNECs: Q9aI6avNECs: no de subtitles came back, and the video could not be inspected to say why.
  Nb-th6Fmpig: Nb-th6Fmpig: no de subtitles came back, and the video could not be inspected to say why.
  8ekATBUiqRQ: 8ekATBUiqRQ: no de subtitles came back, and the video could not be inspected to say why.
  UwCenSz5sIA: UwCenSz5sIA: no de subtitles came back, and the video could not be inspected to say why.
  KQYsDgEH1nk: KQYsDgEH1nk: no de subtitles came back, and the video could not be inspected to say why.
  2p5rDktaaOg: 2p5rDktaaOg: no de subtitles came back, and the video could not be inspected to say why.
  2ce5IeykvWo: 2ce5IeykvWo: no de subtitles came back, and the video could not be inspected to say why.
  zPyNsuNHl5w: zPyNsuNHl5w: no de subtitles came back, and the video could not be inspected to say why.
  zLQIk6SeyA4: zLQIk6SeyA4: no de subtitles came back, and the video could not be inspected to say why.
  4cT_4ZfV-gI: 4cT_4ZfV-gI: no de subtitles came back, and the video could not be inspected to say why.

analysing the new videos…
  2916 sentences to study from, 862 more for the overlay
  roadmap [subtitle+transcript:good:list:goals]: 1 steps
  roadmap [subtitle+transcript:good:strict:goals]: 5 steps
  roadmap [subtitle:good:list:goals]: 1 steps
  roadmap [subtitle:good:strict:goals]: 10 steps
  roadmap [subtitle:list:goals]: 1 steps
