listing @MrWissen2go…
400 ids, 230 not yet in the catalogue
  [1/230] v4am8MS1C48 … skipped
  [2/230] JDfJRb4rxH0 … skipped
  [3/230] SJP2M5IumRc … skipped
  [4/230] 1aAx6xW72Mo … skipped
  [5/230] xP2owMKMFEU … skipped
  [6/230] VGVc61Rw5go … skipped
  [7/230] 6FDmdAdiyUw … skipped
  [8/230] yopC5K3tJCk … skipped
  [9/230] aHYv6qZtzL4 … skipped
  [10/230] qJSuPeuvr78 … skipped
  [11/230] 7Woq1ueaZpE … skipped
  [12/230] BocEBgPfSjY … skipped
  [13/230] 8aEPBGFtVT0 … skipped
  [14/230] iFpCLjAE8MM … skipped
  [15/230] 43q3AfS9qMY … skipped
  [16/230] ZnD8ssgV9No … skipped
  [17/230] Ydt0v9KYcww … skipped
  [18/230] bhYYQN_qP3o … skipped
  [19/230] Uc0pYNOWqN8 … skipped
  [20/230] y1g_AJnge3E … skipped
  [21/230] Oq2OcgDRtiY … skipped
  [22/230] EUE6lQ0Zx5Q … skipped
  [23/230] w_dwDAC_nXE … skipped
  [24/230] ladcmJQxgiQ … skipped
  [25/230] rjoYPI0hSDk … skipped
  [26/230] FiqS4rlKZFY … skipped
  [27/230] 7X8LK-RgfFs … skipped
  [28/230] o3zQsbYXkhM … skipped
  [29/230] _aWpwAyMR-0 … skipped
  [30/230] HFiJRJer0gs … skipped
  [31/230] OpbRlwzwYls … skipped
  [32/230] D4RnU4LG5F0 … skipped
  [33/230] -2oyXMAr-8Y … 338 lines, de
  [34/230] nropJNNYq48 … 60 lines, de
  [35/230] 44KY67Sj6Ns … 327 lines, de
  [36/230] e8B96EmbLVE … 300 lines, de
  [37/230] HdKvAsLh61o … 302 lines, de
  [38/230] VG6j2WqbwqY … skipped
  [39/230] S5bDFFir_D0 … 402 lines, de
  [40/230] beTLgihgpU8 … 361 lines, de
  [41/230] pIz1OVir5W0 … 353 lines, de
  [42/230] F5rN_LkLWMQ … 306 lines, de
  [43/230] puEJwWdlYuY … 334 lines, de
  [44/230] 4StoZWv7ucM … 397 lines, de
  [45/230] HOHhr94gIeU … skipped
  [46/230] MY6M7PMiiwY … 354 lines, de
  [47/230] se-KFMZLjXg … 358 lines, de
  [48/230] IJI_aNURnRM … 367 lines, de
  [49/230] pzVmbziJCac … skipped
  [50/230] F-XGgwTik1A … 377 lines, de
  [51/230] zjCWXOtDOZ8 … 288 lines, de
  [52/230] NMcx0EOoMK0 … skipped
  [53/230] C9e673KQEok … 302 lines, de
  [54/230] I8UhcTatZwg … 386 lines, de
  [55/230] ogbtRzgfOWA … 354 lines, de
  [56/230] u1yUxpC0xgs … 426 lines, de
  [57/230] 8pHGhqdM724 … 307 lines, de
  [58/230] 4RC_ACfNIrI … 