listing @MrWissen2go…
926 ids, 600 not yet in the catalogue
  [1/600] v4am8MS1C48 … skipped
  [2/600] JDfJRb4rxH0 … skipped
  [3/600] SJP2M5IumRc … skipped
  [4/600] 1aAx6xW72Mo … skipped
  [5/600] xP2owMKMFEU … skipped
  [6/600] VGVc61Rw5go … skipped
  [7/600] 6FDmdAdiyUw … skipped
  [8/600] yopC5K3tJCk … skipped
  [9/600] aHYv6qZtzL4 … skipped
  [10/600] qJSuPeuvr78 … skipped
  [11/600] 7Woq1ueaZpE … skipped
  [12/600] BocEBgPfSjY … skipped
  [13/600] 8aEPBGFtVT0 … skipped
  [14/600] iFpCLjAE8MM … skipped
  [15/600] 43q3AfS9qMY … skipped
  [16/600] ZnD8ssgV9No … skipped
  [17/600] Ydt0v9KYcww … skipped
  [18/600] bhYYQN_qP3o … skipped
  [19/600] Uc0pYNOWqN8 … skipped
  [20/600] y1g_AJnge3E … skipped
  [21/600] Oq2OcgDRtiY … skipped
  [22/600] EUE6lQ0Zx5Q … skipped
  [23/600] w_dwDAC_nXE … skipped
  [24/600] ladcmJQxgiQ … skipped
  [25/600] rjoYPI0hSDk … skipped
  [26/600] FiqS4rlKZFY … skipped
  [27/600] 7X8LK-RgfFs … skipped
  [28/600] o3zQsbYXkhM … skipped
  [29/600] _aWpwAyMR-0 … skipped
  [30/600] HFiJRJer0gs … skipped
  [31/600] OpbRlwzwYls … skipped
  [32/600] D4RnU4LG5F0 … skipped
  [33/600] VG6j2WqbwqY … skipped
  [34/600] HOHhr94gIeU … skipped
  [35/600] pzVmbziJCac … skipped
  [36/600] NMcx0EOoMK0 … skipped
  [37/600] T22oxBfcWO8 … skipped
  [38/600] Z9oB3z63-yU … skipped
  [39/600] S5AJvJKUy6E … skipped
  [40/600] q9oPnnAuo4w … skipped
  [41/600] mNwRnTF-Jdk … skipped
  [42/600] wyjenzWbg5E … skipped
  [43/600] gxKY_hseLNA … skipped
  [44/600] rkHcqYBUjcc … skipped
  [45/600] IhrLae646tQ … skipped
  [46/600] VFiLOorwV1M … skipped
  [47/600] 1jdz2RWCDt8 … skipped
  [48/600] wriZyLXD6G8 … skipped
  [49/600] RWddBq4WnPs … skipped
  [50/600] KFn_KTcll6w … skipped
  [51/600] iRsMmKnBthM … skipped
  [52/600] pLzQc6OZHik … skipped
  [53/600] _oLLW13DzDA … skipped
  [54/600] zSHv1m4dTOM … skipped
  [55/600] zPN1RgoyFSE … skipped
  [56/600] hzB3fbTPIKU … skipped
  [57/600] rjyhtZxsP20 … skipped
  [58/600] 1EI4Vwhq9Ew … skipped
  [59/600] tKxMwnxhsXw … skipped
  [60/600] 2pGCo8b-Vjg … skipped
  [61/600] p6dY4pfKbZg … skipped
  [62/600] yS4CQMMYTA0 … skipped
  [63/600] IhZB5ZvlGqE … skipped
  [64/600] rseY3MX1KqI … skipped
  [65/600] mViegARpy4I … skipped
  [66/600] Awrr2GLN-1I … skipped
  [67/600] 850IcWQkV8o … skipped
  [68/600] bqhoQcWqGNA … skipped
  [69/600] D_w-SycRJPU … skipped
  [70/600] lePXiqkK7tI … skipped
  [71/600] EorxpSjcTuI … skipped
  [72/600] eQoEd6TPClQ … skipped
  [73/600] K4vwnFuGNuY … skipped
  [74/600] DSMsNtHBFJA … skipped
  [75/600] RMP0BqUKJmk … 233 lines, de
  [76/600] 5CIQqad8nEg … 219 lines, de
  [77/600] upRKqcKKSfQ … 249 lines, de
  [78/600] dGg8nhserMg … 325 lines, de
  [79/600] 7x6_m_mswaM … 232 lines, de
  [80/600] q13SVk54PL4 … 276 lines, de
  [81/600] 3lcSWnm757E … 252 lines, de
  [82/600] prEO9S-ThXI … 230 lines, de
  [83/600] 5TknElWTvYc … 246 lines, de
  [84/600] Wf3ifPUf5OM … 332 lines, de
  [85/600] IWZwx3lNdys … 265 lines, de
  [86/600] xr4janMiEPE … 215 lines, de
  [87/600] SVAN-vASnl8 … skipped
  [88/600] sN3V1ppdTk4 … 201 lines, de
  [89/600] j2Gqj84sm60 … 273 lines, de
  [90/600] 1mUY2nWsg4I … 209 lines, de
  [91/600] xgR4H2i9eBI … 285 lines, de
  [92/600] CzsTk_JRj80 … 357 lines, de
  [93/600] NW9W6z-pkg8 … 250 lines, de
  [94/600] 0J2kpdAlKF0 … skipped
  [95/600] HQKJ4mNMxyY … 252 lines, de
  [96/600] v25hjmf34wQ … 217 lines, de
  [97/600] qSA6YiHAIFw … 272 lines, de
  [98/600] xkm4BEU_-R8 … 244 lines, de
  [99/600] 2Ow9PXtJ6VI … 261 lines, de
  [100/600] QlT43c1PZyk … 295 lines, de
  [101/600] VB_aXW0CSlQ … 273 lines, de
  [102/600] kW-r5zggueQ … 209 lines, de
  [103/600] jKTIrfOY4qk … 365 lines, de
  [104/600] FaMfrufKp6U … 216 lines, de
  [105/600] 1e8sRPB7kAo … 306 lines, de
  [106/600] RfL6WmyUrdU … 285 lines, de
  [107/600] -Bqo40ipk3I … 225 lines, de
  [108/600] 2T6j5QqBta8 … 191 lines, de
  [109/600] wUWrhLNCnqw … 210 lines, de
  [110/600] 11V0YvPrRGc … 232 lines, de
  [111/600] fdG7s4XvKoM … 317 lines, de
  [112/600] stq0ZB5HHyA … 373 lines, de
  [113/600] RJlVzkfpvN0 … Transcript fetch attempt 1/3 failed for RJlVzkfpvN0: HTTPSConnectionPool(host='www.youtube.com', port=443): Read timed out. (read timeout=20.0). Retrying in 2.1s...
250 lines, de
  [114/600] Ogg9xvsJrXA … 242 lines, de
  [115/600] vrDDyhTpepk … 192 lines, de
  [116/600] tDcgefrLslE … 191 lines, de
  [117/600] 5rXM2MfywS4 … 304 lines, de
  [118/600] 5ruqOdW3il8 … 274 lines, de
  [119/600] ZSMvWosDDmw … 234 lines, de
  [120/600] 3M2-mvXsxVk … skipped
  [121/600] NjPl4RivIYE … 353 lines, de
  [122/600] oEDmdefpiQg … 267 lines, de
  [123/600] PJK81Gqo4js … 215 lines, de
  [124/600] inlN3HiHL80 … 192 lines, de
  [125/600] LhSaqWniSac … 303 lines, de
  [126/600] FHvP4RKLUp4 … 229 lines, de
  [127/600] y9vGwYCR4wY … 259 lines, de
  [128/600] uxxMMuHFlVM … 215 lines, de
  [129/600] ClYYtBRCETc … 205 lines, de
  [130/600] jer1xIKCOMg … 240 lines, de
  [131/600] AGdFG7_jDbQ … 207 lines, de
  [132/600] znUg17W526o … 277 lines, de
  [133/600] BLu3qJ_p0ZU … 243 lines, de
  [134/600] uFcpGmN_bEY … 257 lines, de
  [135/600] kjiUEuCPEeQ … 143 lines, de
  [136/600] tQHlOjMGS-M … 279 lines, de
  [137/600] nE7wCyvCXS8 … 225 lines, de
  [138/600] 2HjRnr3AfFo … skipped
  [139/600] weB79v4Zstk … skipped
  [140/600] XapB1C7P09A … skipped
  [141/600] sWkC_529gUY … skipped
  [142/600] d0L0VOsgUoE … skipped
  [143/600] AZOiUtVj5tU … skipped
  [144/600] YPpmeLjUTSM … skipped
  [145/600] Q9tnTi4oCEk … skipped
  [146/600] N833JSKYZcs … skipped
  [147/600] e58AXKUCGhM … skipped
  [148/600] yQufBfxzjwY … skipped
  [149/600] Jt4RJJ3-PqQ … skipped
  [150/600] HjOu7oOXHSQ … skipped
  [151/600] aXYRnGtPJi0 … skipped
  [152/600] MyuC5kYqRTk … skipped
  [153/600] 194eD9wCW4k … skipped
  [154/600] JQ5k3Amavqg … skipped
  [155/600] SJz-EDV2C4Y … skipped
  [156/600] iCrFm56hguo … skipped
  [157/600] Pj3ku92lb6Y … skipped
  [158/600] 6GiiP5ZXe4s … 167 lines, de
  [159/600] XvKp77qPA-w … skipped
  [160/600] -FyFCXCuGoc … skipped
  [161/600] XkCgeI9r5as … skipped
  [162/600] bGKoHhntqYU … skipped
  [163/600] _m5enJeq6j4 … skipped
  [164/600] xiGBkOQaZys … skipped
  [165/600] 7SV4cj-dcTg … skipped
  [166/600] NCS-d9dxEPc … 107 lines, de
  [167/600] 2broOTfT57c … 205 lines, de
  [168/600] x-S6x1OCdD8 … skipped
  [169/600] zusFLoaV2ls … 123 lines, de
  [170/600] KcQ47ZBbuBo … skipped
  [171/600] GiDB8giv_Xk … skipped
  [172/600] GQJ54nI0wGk … skipped
  [173/600] jziBPIVh4XI … skipped
  [174/600] mLOCv3ZcwuQ … skipped
  [175/600] amzqgKpI88E … skipped
  [176/600] WsRNDJgUbLI … skipped
  [177/600] GYwkMErXK48 … skipped
  [178/600] QCVkDM59PvA … skipped
  [179/600] hcxnlMDXj1U … skipped
  [180/600] wlFMwAuYxsk … skipped
  [181/600] S-WU2zCMC7E … skipped
  [182/600] WXwING44xBw … skipped
  [183/600] BqigJmEHYuw … skipped
  [184/600] B8Opg4p_LPg … 119 lines, de
  [185/600] pYRwTWzSEqg … skipped
  [186/600] z6TPjly_6tA … skipped
  [187/600] FpCWTyYnSDo … skipped
  [188/600] 6_G8FIhrtIk … skipped
  [189/600] sJy6XUyUV9o … skipped
  [190/600] 3SNCow6cGSg … skipped
  [191/600] TTfBfqfi-kM … skipped
  [192/600] YBZHEYZnjkA … skipped
  [193/600] sE5OJ3H30fs … skipped
  [194/600] 5dL-OF5JY8E … skipped
  [195/600] 0PZmEbwUGV8 … 292 lines, de
  [196/600] OLB6tThOUIo … ERROR: [youtube] OLB6tThOUIo: Sign in to confirm your age. Use --cookies-from-browser or --cookies for the authentication. See  https://github.com/yt-dlp/yt-dlp/wiki/FAQ#how-do-i-pass-cookies-to-yt-dlp  for how to manually pass cookies. Also see  https://github.com/yt-dlp/yt-dlp/wiki/Extractors#exporting-youtube-cookies  for tips on effectively exporting YouTube cookies
skipped
  [197/600] KNC-tDt0YRs … 184 lines, de
  [198/600] u7YEFl63xXc … 267 lines, de
  [199/600] KZp15FYS_ds … skipped
  [200/600] 8WLyAe15UBE … skipped
  [201/600] 9X2J5dqaELw … 158 lines, de
  [202/600] iWL3Fp0Uh80 … skipped
  [203/600] bqTY5H2DLjc … skipped
  [204/600] NAq2KB--ayE … 186 lines, de
  [205/600] KfkfUJjRdJU … 181 lines, de
  [206/600] tja28N-4Tj8 … skipped
  [207/600] RAojDzz8nTY … skipped
  [208/600] l08mAGfNbiA … skipped
  [209/600] 5Dz79zu26FI … skipped
  [210/600] XSAxi8SzUYo … skipped
  [211/600] 9oa4dLbNHK4 … skipped
  [212/600] k1wuYnZhxSM … skipped
  [213/600] jESUFb9mpO4 … skipped
  [214/600] hCIyB-jO0cY … skipped
  [215/600] YIPYoUa7ytA … skipped
  [216/600] HtEriwPA7s0 … skipped
  [217/600] GVSIyyC0dx0 … skipped
  [218/600] TmAjpStEtyQ … 77 lines, de
  [219/600] m7QA9GH_rXM … skipped
  [220/600] jlWIdVXQABo … skipped
  [221/600] vMquMgDI39k … skipped
  [222/600] iWvi21FuzhI … skipped
  [223/600] WlGTJAz4k9w … skipped
  [224/600] sCB8_AuA_Mo … 209 lines, de
  [225/600] -5uWaBml65o … ERROR: [youtube] -5uWaBml65o: Sign in to confirm your age. Use --cookies-from-browser or --cookies for the authentication. See  https://github.com/yt-dlp/yt-dlp/wiki/FAQ#how-do-i-pass-cookies-to-yt-dlp  for how to manually pass cookies. Also see  https://github.com/yt-dlp/yt-dlp/wiki/Extractors#exporting-youtube-cookies  for tips on effectively exporting YouTube cookies
skipped
  [226/600] DathnYDq_Tg … skipped
  [227/600] N4DyS7rGfWo … skipped
  [228/600] Y5Z9tDB4if4 … skipped
  [229/600] hB8vJuO4CUI … skipped
  [230/600] G4DVxsq6JSE … skipped
  [231/600] q9FyeDvCy98 … skipped
  [232/600] DIsgtXtob1k … skipped
  [233/600] pDdKN_tpdT4 … skipped
  [234/600] vlbAj3jd1qo … skipped
  [235/600] ma1M81GuT5I … skipped
  [236/600] oyZ1g6J5Zb4 … skipped
  [237/600] iQ6NxvQRfq4 … skipped
  [238/600] 0905ODYCxxg … skipped
  [239/600] 8YqMZLVd2h8 … skipped
  [240/600] hCA4iOPjZ2w … skipped
  [241/600] iAfsGvvnbXo … skipped
  [242/600] XxEmM5raDec … skipped
  [243/600] eRbAQilJWKs … skipped
  [244/600] VfjQ-qCWTLc … skipped
  [245/600] iaVNDMgUtRo … skipped
  [246/600] yXCNSrQxUu0 … skipped
  [247/600] X9QdRgEilGE … skipped
  [248/600] pQNR0cgd5bg … skipped
  [249/600] upo_P3e0Rzg … skipped
  [250/600] GD4w3G6_Zx8 … skipped
  [251/600] u_qpOs6nifQ … skipped
  [252/600] gg7LWb2sL1Q … skipped
  [253/600] vUFJmoEuPEc … 107 lines, de
  [254/600] 3yS3lLM0zAo … skipped
  [255/600] fhm7oxpeFP0 … skipped
  [256/600] 10r_xwYTKbI … skipped
  [257/600] H2cpxUryixA … skipped
  [258/600] Q_9QsETSXaM … skipped
  [259/600] rUfdQeUYmug … skipped
  [260/600] TFFfXI8iyko … skipped
  [261/600] i8tYV6hQyuU … skipped
  [262/600] ZWdA4p9sFro … skipped
  [263/600] Jg6R9AxdXSQ … skipped
  [264/600] OYNaXMq7znE … skipped
  [265/600] 0tNbgVXtQIU … skipped
  [266/600] Bp_hdF4i68w … skipped
  [267/600] Y8lQnAYWrhw … skipped
  [268/600] _uSkqIPwWsY … skipped
  [269/600] JOy3nAA8A_c … skipped
  [270/600] ZbX__5vK01I … skipped
  [271/600] DzOectt3mNg … skipped
  [272/600] 7rqD_cZ-KGU … skipped
  [273/600] lQjoOa2LezY … skipped
  [274/600] 7rU15qRVg9w … skipped
  [275/600] 2jvIDv9ZXh4 … skipped
  [276/600] v4y5dmpK4IM … skipped
  [277/600] nnsUvaB_Ek4 … skipped
  [278/600] HAaaQWbnO8Y … skipped
  [279/600] ZFLkEKQZ-pA … skipped
  [280/600] fSrRa5KIg6w … skipped
  [281/600] dtkeU9EgqvM … skipped
  [282/600] 3ykd8jv3nWY … skipped
  [283/600] _raOIUoLvcI … skipped
  [284/600] NSpy80caNBs … skipped
  [285/600] o9SVU-G1mLw … skipped
  [286/600] L2B4kY-wdCY … skipped
  [287/600] h5Tu-L_doCk … skipped
  [288/600] QwpBJVppmaU … skipped
  [289/600] -tZ2tK4_G5M … skipped
  [290/600] sw_ZRJK4PnY … skipped
  [291/600] 1XyTSjwRLng … skipped
  [292/600] TG1X7uasgLE … skipped
  [293/600] Kzhl7pNVLNU … skipped
  [294/600] yKoO_oZMS70 … skipped
  [295/600] jK_foKSYRT8 … skipped
  [296/600] _IXi5RZUcTU … skipped
  [297/600] hDonVDFwpwg … skipped
  [298/600] MHRrjnxHEHY … skipped
  [299/600] NeZ8z7YiJdU … skipped
  [300/600] ESLa3YT1nps … skipped
  [301/600] 10mdxRtpqUQ … skipped
  [302/600] TN_ROjzbtUo … skipped
  [303/600] xwMqd3GV7is … skipped
  [304/600] xqXlQY7mOhg … skipped
  [305/600] 2OJZzdXpObs … skipped
  [306/600] dHmYeutMm98 … skipped
  [307/600] 2O7A7GtkAmU … skipped
  [308/600] QqqF82KTWeI … skipped
  [309/600] R4-VQkFYh-s … skipped
  [310/600] ExYkWSLbBOI … skipped
  [311/600] nqkNiPPoGxQ … ERROR: [youtube] nqkNiPPoGxQ: Sign in to confirm your age. Use --cookies-from-browser or --cookies for the authentication. See  https://github.com/yt-dlp/yt-dlp/wiki/FAQ#how-do-i-pass-cookies-to-yt-dlp  for how to manually pass cookies. Also see  https://github.com/yt-dlp/yt-dlp/wiki/Extractors#exporting-youtube-cookies  for tips on effectively exporting YouTube cookies
skipped
  [312/600] XgQiOXCRb3Y … skipped
  [313/600] LWiTgV5-xO8 … skipped
  [314/600] MW9EUpESqQQ … skipped
  [315/600] gYm86N5vPv8 … skipped
  [316/600] _ttpZXcb7OQ … skipped
  [317/600] T7GyA4UseZ0 … skipped
  [318/600] T4M67GzzGLU … skipped
  [319/600] 2ga-ZDxwl7Y … skipped
  [320/600] 0AqO5NFuIIA … skipped
  [321/600] FRFUP8U7U8w … skipped
  [322/600] Zp1oSn9m9j8 … skipped
  [323/600] NIDRiKHC3_A … skipped
  [324/600] ixfqAgvuzFc … skipped
  [325/600] 7Jf0H9no8vM … skipped
  [326/600] -SqjAHnVK8M … skipped
  [327/600] aOzTmW2I_us … skipped
  [328/600] j3JOmrR9rNc … skipped
  [329/600] c88tm-WnjWc … skipped
  [330/600] 1zi41PatKto … skipped
  [331/600] 9MJivK9UHKI … skipped
  [332/600] wRLZJOI--sw … skipped
  [333/600] PB92t2Q_sx0 … skipped
  [334/600] Fh-exEElOU0 … skipped
  [335/600] ORTZf9XX47k … skipped
  [336/600] 9W57bnSzToY … skipped
  [337/600] q4uUMmnIwds … skipped
  [338/600] yHfEubzV2mc … skipped
  [339/600] ignGZnYKXQg … skipped
  [340/600] QY6KE3io42E … skipped
  [341/600] SLTMd34ZrMg … skipped
  [342/600] dlTrEIomeUo … skipped
  [343/600] WnVR5zBrh_w … skipped
  [344/600] so_l-CaJvH8 … skipped
  [345/600] YjhS-SSCVbc … skipped
  [346/600] 10E7345eViM … skipped
  [347/600] 8LkIx1bESbw … skipped
  [348/600] ScEdKnOM6Ic … ERROR: [youtube] ScEdKnOM6Ic: Sign in to confirm your age. Use --cookies-from-browser or --cookies for the authentication. See  https://github.com/yt-dlp/yt-dlp/wiki/FAQ#how-do-i-pass-cookies-to-yt-dlp  for how to manually pass cookies. Also see  https://github.com/yt-dlp/yt-dlp/wiki/Extractors#exporting-youtube-cookies  for tips on effectively exporting YouTube cookies
skipped
  [349/600] 1ZjpmsXGlbU … skipped
  [350/600] eFVv1vPHedI … skipped
  [351/600] xxI0lHNc-uI … skipped
  [352/600] pVCMOFqInGo … skipped
  [353/600] slVmDcmFECA … skipped
  [354/600] 5RHRXE6v54U … skipped
  [355/600] i0gqIYuzpJs … skipped
  [356/600] paaKNerl0rg … skipped
  [357/600] Xc9BDgKIQdk … skipped
  [358/600] bauzzIOwGbs … skipped
  [359/600] qjmaPytroMo … skipped
  [360/600] ssOy_wBbWEg … skipped
  [361/600] GFvmGMJ2CZo … skipped
  [362/600] GnCjP7bfLzo … skipped
  [363/600] a9s-bko1YDY … skipped
  [364/600] EinSd4xPoK8 … skipped
  [365/600] FlEJ6uo6Ob4 … skipped
  [366/600] 3l1KLZMitI0 … skipped
  [367/600] lxySZZCcO9A … skipped
  [368/600] tee3u8qIJEY … skipped
  [369/600] ZHM_n_C1KqI … skipped
  [370/600] J-Q3_VpZWso … skipped
  [371/600] JKwIGzcqOXg … skipped
  [372/600] orS3UqRPOTo … skipped
  [373/600] WxZrCluDWcE … skipped
  [374/600] WbY7AY-rRGE … skipped
  [375/600] Ele_qyMOLKE … skipped
  [376/600] Fey84ju3FoY … skipped
  [377/600] deQHO4h-_Lc … skipped
  [378/600] hZECsgs_1W4 … skipped
  [379/600] 8sCzsr6SAjk … skipped
  [380/600] udKCtCg_zEg … skipped
  [381/600] BiMqniWA9Ek … skipped
  [382/600] XvOYzTV_XU0 … skipped
  [383/600] khcRBxnnou4 … skipped
  [384/600] -sKxT1-JVp8 … skipped
  [385/600] v2ImIhhiL8U … skipped
  [386/600] AIm_VIaNG04 … skipped
  [387/600] VVoY-HEJnDA … skipped
  [388/600] Z3b0mHLiwPQ … skipped
  [389/600] BZ_mjUd3Vu0 … skipped
  [390/600] hdfVpkCPIXI … skipped
  [391/600] -MznmW1O_IE … skipped
  [392/600] YzCSJmbU5Nc … skipped
  [393/600] c8WiD7zd0M4 … skipped
  [394/600] jzIAkmAB1ac … skipped
  [395/600] YVa5Xq6ODBY … skipped
  [396/600] 1gBtstAYL1o … skipped
  [397/600] E_MBWW-z3N8 … skipped
  [398/600] HCaWjjkQfTY … skipped
  [399/600] k-3PhTTcsqE … skipped
  [400/600] XFUCOz_suyc … skipped
  [401/600] vrljhSNK2Ro … skipped
  [402/600] 08yvW-n5X64 … skipped
  [403/600] nfj5yz_5DYs … skipped
  [404/600] y5Oxjs6Hn2I … skipped
  [405/600] FoJ5I3p0Ovo … skipped
  [406/600] MVE9MZjzTvA … skipped
  [407/600] KKjfONXewtA … skipped
  [408/600] v1Eu8t94Qio … skipped
  [409/600] RvCUtgyG0lI … skipped
  [410/600] qZvsXFbEmRA … skipped
  [411/600] MyyPdn6O4Xo … skipped
  [412/600] dBdvODaRcbE … skipped
  [413/600] Ymo7jlG6CAU … skipped
  [414/600] MBApqMZGbt0 … skipped
  [415/600] G-89Fgvc6xo … skipped
  [416/600] GNE0NOhN0pU … skipped
  [417/600] JDQMLjGAyNc … skipped
  [418/600] sFXuBWg9mXo … skipped
  [419/600] slW5wJBzad4 … skipped
  [420/600] Ww4q-Fc7__4 … skipped
  [421/600] qGAREJOexOI … skipped
  [422/600] stmWpqbGLWU … skipped
  [423/600] RKoAUknCkxY … skipped
  [424/600] 8W7NkGtnK58 … skipped
  [425/600] nQsRhE0LQ2Q … skipped
  [426/600] LWVsupY8oco … skipped
  [427/600] wDY1bDLBubc … skipped
  [428/600] lp32-d2FCDQ … skipped
  [429/600] ZKkCNBVYQDk … skipped
  [430/600] OrXRvrBU1kE … skipped
  [431/600] jdbShawcsKI … skipped
  [432/600] V3XagMeG36A … skipped
  [433/600] BGsNGnDiv5A … skipped
  [434/600] vH6ySq-_oaM … skipped
  [435/600] MsoOL2KLwgE … skipped
  [436/600] bYQ887x2dhA … skipped
  [437/600] GZISQPQIKro … skipped
  [438/600] Bz4j6CswZPQ … skipped
  [439/600] 0431mWYeuKQ … skipped
  [440/600] O_yGogwGKSs … skipped
  [441/600] 9U5PIal6Gyg … skipped
  [442/600] jR8czENYgc0 … skipped
  [443/600] zgrBmCVSP9Q … skipped
  [444/600] ev14cqwu2vk … skipped
  [445/600] QvKCRUOKj0c … skipped
  [446/600] gCeK5vapPrY … skipped
  [447/600] jvJS8IyZvUc … skipped
  [448/600] -G7U4JV3brM … skipped
  [449/600] PMOIw645EKc … skipped
  [450/600] sXZYvjSjliA … skipped
  [451/600] BW3M2mJmu_8 … skipped
  [452/600] W2fsSkMdiBU … skipped
  [453/600] S2nTKGuIoNE … skipped
  [454/600] B96dyDKR4bI … skipped
  [455/600] G0CWaYp3s5Y … skipped
  [456/600] TwDhMihOjLk … skipped
  [457/600] oYjZvQfA-4A … skipped
  [458/600] BsacPL1BZ-8 … skipped
  [459/600] l9Nc7A3cnNw … skipped
  [460/600] FWYqniCwg_Q … skipped
  [461/600] yMQtl0eVxyk … skipped
  [462/600] DX4LauAy-2Y … skipped
  [463/600] xXHlGMWu_48 … skipped
  [464/600] djgPAUQBMTk … skipped
  [465/600] V_579LG9NJE … skipped
  [466/600] J9KuZhTMDP4 … skipped
  [467/600] j-xbdiqd564 … skipped
  [468/600] P45e88VRVb4 … skipped
  [469/600] 8SiYM8WA-9Q … skipped
  [470/600] BQNjokQDkFc … skipped
  [471/600] SWGMC5oO3YI … skipped
  [472/600] mOmRO6Ez42U … skipped
  [473/600] 4DLg5Ojk0I8 … skipped
  [474/600] 5G_ZoNufjmU … skipped
  [475/600] M3U538AEWRE … skipped
  [476/600] bBuDOhzbdoU … skipped
  [477/600] jM5ccHtruo8 … skipped
  [478/600] fycnilZJExA … skipped
  [479/600] y9U_qCNX7Ic … skipped
  [480/600] 4Ga87xAS3rk … skipped
  [481/600] tDIwB7uaRHk … skipped
  [482/600] 8KcJI5-C3J4 … skipped
  [483/600] X9P2REg4B0o … skipped
  [484/600] 0Wc5XJWE-Rk … skipped
  [485/600] 6hriPl8VpKg … skipped
  [486/600] T0azRL9Wld8 … skipped
  [487/600] IEgXAbZq-xA … skipped
  [488/600] 6uV6UMviXRE … skipped
  [489/600] qw8qeg9Xh48 … skipped
  [490/600] D1YITQGGsq8 … skipped
  [491/600] 2n3bkAT89no … skipped
  [492/600] phL7iAYUihg … skipped
  [493/600] gAPevtNCREg … skipped
  [494/600] eQB-bV1gMGs … skipped
  [495/600] 1iTysXj6m8Y … skipped
  [496/600] KOE6Aw7hLbI … skipped
  [497/600] _8Fj9Xss0qc … skipped
  [498/600] PKTuU_CtT6M … skipped
  [499/600] n-LF0mRew-U … skipped
  [500/600] b5LV-xNLPvo … skipped
  [501/600] hlfUq8uCFLY … skipped
  [502/600] G78pyAXZnvs … skipped
  [503/600] Q37zNBAvnjE … skipped
  [504/600] 0q2HGiYAOhs … skipped
  [505/600] lBxFHMDs5zk … skipped
  [506/600] ci6__fL_pUM … skipped
  [507/600] LQgTBIJRLKc … skipped
  [508/600] rUDIU5lFP7Q … skipped
  [509/600] Btm0WRv127I … skipped
  [510/600] NJkFx8iy11M … skipped
  [511/600] t16sbZCvdNQ … skipped
  [512/600] N7BDz-96ACM … skipped
  [513/600] m5X9bMWdvhY … skipped
  [514/600] ZeBbACVczu0 … skipped
  [515/600] 86pRSn-V-6w … skipped
  [516/600] L6NVgK_SNmo … skipped
  [517/600] -ZaJPC9IX1Q … skipped
  [518/600] HFE-YEqaLAc … skipped
  [519/600] TboBnlzlmU8 … skipped
  [520/600] GUn_i408u_4 … skipped
  [521/600] g-8NLfZsBcY … skipped
  [522/600] TguawcITG0g … skipped
  [523/600] hsujiHbjZAw … skipped
  [524/600] gRDtXlfKK9A … skipped
  [525/600] ScPXSX7Zv4o … skipped
  [526/600] 0Ne5UBsddb4 … skipped
  [527/600] rpYzMo3_PNA … skipped
  [528/600] uqQIheer6Q0 … skipped
  [529/600] Ly8jtI23CLE … skipped
  [530/600] sL780zddTbw … skipped
  [531/600] 06vA2V5mbb0 … skipped
  [532/600] tNygS5Eo694 … skipped
  [533/600] p0s8eybfmNw … skipped
  [534/600] V8iwwOIUQPc … skipped
  [535/600] Fu_kLEQg9Qw … skipped
  [536/600] IvLRyCg4Ba8 … skipped
  [537/600] vMmqCgWC1ks … skipped
  [538/600] wsVw8UHvdhY … skipped
  [539/600] kpxV4iiqQ6o … skipped
  [540/600] CRKVXyTRCTI … skipped
  [541/600] S8uRpX7GLeg … skipped
  [542/600] uQRjLh1Mrqc … skipped
  [543/600] 43I1fkPLyYU … skipped
  [544/600] ODxAMcSnKNY … skipped
  [545/600] 2S7iEDpbNwQ … skipped
  [546/600] hTpVvuTbZ7g … skipped
  [547/600] kA3uakT1QBc … skipped
  [548/600] GUftOFx7t0A … skipped
  [549/600] 6L7SOuJnQok … skipped
  [550/600] OftK1paFPoM … skipped
  [551/600] 714bV4hYrls … skipped
  [552/600] AaujcdbwW0w … skipped
  [553/600] PBWcPthdmpE … skipped
  [554/600] 8zl799zw5uU … skipped
  [555/600] qiA8VHz6Q88 … skipped
  [556/600] Pkdr7ze03WI … skipped
  [557/600] O6OL_vCSTBI … skipped
  [558/600] 2VivDHskgm4 … skipped
  [559/600] nWY24G8Iqf0 … skipped
  [560/600] uGJU5GFTcV8 … skipped
  [561/600] U0yza3hwJs4 … skipped
  [562/600] 3u7v8pBt7IQ … skipped
  [563/600] uktqzJJ4duQ … skipped
  [564/600] RRp0UrbNRHw … skipped
  [565/600] _qG7Ov6QxGw … skipped
  [566/600] cvoGq8OFkus … skipped
  [567/600] bUhQ7Nit2jM … skipped
  [568/600] QSlDd768FCo … skipped
  [569/600] icE6AwvUsBA … skipped
  [570/600] nOipiMPum-E … skipped
  [571/600] U99JKNTVjQ8 … skipped
  [572/600] VKdqkKzedfU … skipped
  [573/600] HJk2WQYP5DE … skipped
  [574/600] mFxmdkpDl3w … skipped
  [575/600] 9iZyfMzUW7I … skipped
  [576/600] dju2DDLNcdE … skipped
  [577/600] otg98OErVY0 … skipped
  [578/600] -8Rr_9bXlTY … skipped
  [579/600] ROIvIYKKi58 … skipped
  [580/600] i6fkxbMIhH8 … skipped
  [581/600] S2f4D0KdlCY … skipped
  [582/600] LO-Uj78Gay0 … skipped
  [583/600] FvTmOtjZMTU … skipped
  [584/600] z63EudDfM08 … skipped
  [585/600] RRdo7eRItaY … skipped
  [586/600] aY-oBe0GV6s … skipped
  [587/600] 2ND1v6IAe2Y … skipped
  [588/600] rvXLJ3bBjSA … skipped
  [589/600] LmrOCbPv350 … skipped
  [590/600] 8ctQVH-r1l8 … skipped
  [591/600] 7WXxDy31Ygk … skipped
  [592/600] QY5jE15vlK4 … skipped
  [593/600] lLh9BuSs5cw … skipped
  [594/600] 5xoP-9TPIEw … skipped
  [595/600] BKeWVna-Bz8 … skipped
  [596/600] D-yeIB7kq84 … skipped
  [597/600] nXtZV5CpilI … skipped
  [598/600] y3rlW1hleH0 … skipped
  [599/600] sXoni7ozwlQ … skipped
  [600/600] yvWybc_O1Ms … skipped

74 added, 526 skipped
  attempts on record: added 838, error 12, unfetchable 654
  v4am8MS1C48: v4am8MS1C48: no de subtitles came back, and the video could not be inspected to say why.
  JDfJRb4rxH0: JDfJRb4rxH0: no de subtitles came back, and the video could not be inspected to say why.
  SJP2M5IumRc: SJP2M5IumRc: no de subtitles came back, and the video could not be inspected to say why.
  1aAx6xW72Mo: 1aAx6xW72Mo: no de subtitles came back, and the video could not be inspected to say why.
  xP2owMKMFEU: xP2owMKMFEU: no de subtitles came back, and the video could not be inspected to say why.
  VGVc61Rw5go: VGVc61Rw5go: no de subtitles came back, and the video could not be inspected to say why.
  6FDmdAdiyUw: 6FDmdAdiyUw: no de subtitles came back, and the video could not be inspected to say why.
  yopC5K3tJCk: yopC5K3tJCk: no de subtitles came back, and the video could not be inspected to say why.
  aHYv6qZtzL4: aHYv6qZtzL4: no de subtitles came back, and the video could not be inspected to say why.
  qJSuPeuvr78: qJSuPeuvr78: no de subtitles came back, and the video could not be inspected to say why.
  7Woq1ueaZpE: 7Woq1ueaZpE: no de subtitles came back, and the video could not be inspected to say why.
  BocEBgPfSjY: BocEBgPfSjY: no de subtitles came back, and the video could not be inspected to say why.
  8aEPBGFtVT0: 8aEPBGFtVT0: no de subtitles came back, and the video could not be inspected to say why.
  iFpCLjAE8MM: iFpCLjAE8MM: no de subtitles came back, and the video could not be inspected to say why.
  43q3AfS9qMY: 43q3AfS9qMY: no de subtitles came back, and the video could not be inspected to say why.
  ZnD8ssgV9No: ZnD8ssgV9No: no de subtitles came back, and the video could not be inspected to say why.
  Ydt0v9KYcww: Ydt0v9KYcww: no de subtitles came back, and the video could not be inspected to say why.
  bhYYQN_qP3o: bhYYQN_qP3o: no de subtitles came back, and the video could not be inspected to say why.
  Uc0pYNOWqN8: Uc0pYNOWqN8: no de subtitles came back, and the video could not be inspected to say why.
  y1g_AJnge3E: y1g_AJnge3E: no de subtitles came back, and the video could not be inspected to say why.
  Oq2OcgDRtiY: Oq2OcgDRtiY: no de subtitles came back, and the video could not be inspected to say why.
  EUE6lQ0Zx5Q: EUE6lQ0Zx5Q: no de subtitles came back, and the video could not be inspected to say why.
  w_dwDAC_nXE: w_dwDAC_nXE: no de subtitles came back, and the video could not be inspected to say why.
  ladcmJQxgiQ: ladcmJQxgiQ: no de subtitles came back, and the video could not be inspected to say why.
  rjoYPI0hSDk: rjoYPI0hSDk: no de subtitles came back, and the video could not be inspected to say why.
  FiqS4rlKZFY: FiqS4rlKZFY: no de subtitles came back, and the video could not be inspected to say why.
  7X8LK-RgfFs: 7X8LK-RgfFs: no de subtitles came back, and the video could not be inspected to say why.
  o3zQsbYXkhM: o3zQsbYXkhM: no de subtitles came back, and the video could not be inspected to say why.
  _aWpwAyMR-0: _aWpwAyMR-0: no de subtitles came back, and the video could not be inspected to say why.
  HFiJRJer0gs: HFiJRJer0gs: no de subtitles came back, and the video could not be inspected to say why.
  OpbRlwzwYls: OpbRlwzwYls: no de subtitles came back, and the video could not be inspected to say why.
  D4RnU4LG5F0: D4RnU4LG5F0: no de subtitles came back, and the video could not be inspected to say why.
  VG6j2WqbwqY: VG6j2WqbwqY: no de subtitles came back, and the video could not be inspected to say why.
  HOHhr94gIeU: HOHhr94gIeU: no de subtitles came back, and the video could not be inspected to say why.
  pzVmbziJCac: pzVmbziJCac: no de subtitles came back, and the video could not be inspected to say why.
  NMcx0EOoMK0: NMcx0EOoMK0: no de subtitles came back, and the video could not be inspected to say why.
  T22oxBfcWO8: T22oxBfcWO8: no de subtitles came back, and the video could not be inspected to say why.
  Z9oB3z63-yU: Z9oB3z63-yU: no de subtitles came back, and the video could not be inspected to say why.
  S5AJvJKUy6E: S5AJvJKUy6E: no de subtitles came back, and the video could not be inspected to say why.
  q9oPnnAuo4w: q9oPnnAuo4w: no de subtitles came back, and the video could not be inspected to say why.
  mNwRnTF-Jdk: mNwRnTF-Jdk: no de subtitles came back, and the video could not be inspected to say why.
  wyjenzWbg5E: wyjenzWbg5E: no de subtitles came back, and the video could not be inspected to say why.
  gxKY_hseLNA: gxKY_hseLNA: no de subtitles came back, and the video could not be inspected to say why.
  rkHcqYBUjcc: rkHcqYBUjcc: no de subtitles came back, and the video could not be inspected to say why.
  IhrLae646tQ: IhrLae646tQ: no de subtitles came back, and the video could not be inspected to say why.
  VFiLOorwV1M: VFiLOorwV1M: no de subtitles came back, and the video could not be inspected to say why.
  1jdz2RWCDt8: 1jdz2RWCDt8: no de subtitles came back, and the video could not be inspected to say why.
  wriZyLXD6G8: wriZyLXD6G8: no de subtitles came back, and the video could not be inspected to say why.
  RWddBq4WnPs: RWddBq4WnPs: no de subtitles came back, and the video could not be inspected to say why.
  KFn_KTcll6w: KFn_KTcll6w: no de subtitles came back, and the video could not be inspected to say why.
  iRsMmKnBthM: iRsMmKnBthM: no de subtitles came back, and the video could not be inspected to say why.
  pLzQc6OZHik: pLzQc6OZHik: no de subtitles came back, and the video could not be inspected to say why.
  _oLLW13DzDA: _oLLW13DzDA: no de subtitles came back, and the video could not be inspected to say why.
  zSHv1m4dTOM: zSHv1m4dTOM: no de subtitles came back, and the video could not be inspected to say why.
  zPN1RgoyFSE: zPN1RgoyFSE: no de subtitles came back, and the video could not be inspected to say why.
  hzB3fbTPIKU: hzB3fbTPIKU: no de subtitles came back, and the video could not be inspected to say why.
  rjyhtZxsP20: rjyhtZxsP20: no de subtitles came back, and the video could not be inspected to say why.
  1EI4Vwhq9Ew: 1EI4Vwhq9Ew: no de subtitles came back, and the video could not be inspected to say why.
  tKxMwnxhsXw: tKxMwnxhsXw: no de subtitles came back, and the video could not be inspected to say why.
  2pGCo8b-Vjg: 2pGCo8b-Vjg: no de subtitles came back, and the video could not be inspected to say why.
  p6dY4pfKbZg: p6dY4pfKbZg: no de subtitles came back, and the video could not be inspected to say why.
  yS4CQMMYTA0: yS4CQMMYTA0: no de subtitles came back, and the video could not be inspected to say why.
  IhZB5ZvlGqE: IhZB5ZvlGqE: no de subtitles came back, and the video could not be inspected to say why.
  rseY3MX1KqI: rseY3MX1KqI: no de subtitles came back, and the video could not be inspected to say why.
  mViegARpy4I: mViegARpy4I: no de subtitles came back, and the video could not be inspected to say why.
  Awrr2GLN-1I: Awrr2GLN-1I: no de subtitles came back, and the video could not be inspected to say why.
  850IcWQkV8o: 850IcWQkV8o: no de subtitles came back, and the video could not be inspected to say why.
  bqhoQcWqGNA: bqhoQcWqGNA: no de subtitles came back, and the video could not be inspected to say why.
  D_w-SycRJPU: D_w-SycRJPU: no de subtitles came back, and the video could not be inspected to say why.
  lePXiqkK7tI: lePXiqkK7tI: no de subtitles came back, and the video could not be inspected to say why.
  EorxpSjcTuI: EorxpSjcTuI: no de subtitles came back, and the video could not be inspected to say why.
  eQoEd6TPClQ: eQoEd6TPClQ: no de subtitles came back, and the video could not be inspected to say why.
  K4vwnFuGNuY: K4vwnFuGNuY: no de subtitles came back, and the video could not be inspected to say why.
  DSMsNtHBFJA: DSMsNtHBFJA: no de subtitles came back, and the video could not be inspected to say why.
  SVAN-vASnl8: SVAN-vASnl8: no de subtitles came back, and the video could not be inspected to say why.
  0J2kpdAlKF0: 0J2kpdAlKF0: no de subtitles came back, and the video could not be inspected to say why.
  3M2-mvXsxVk: 3M2-mvXsxVk: no de subtitles came back, and the video could not be inspected to say why.
  2HjRnr3AfFo: 2HjRnr3AfFo: no de subtitles came back, and the video could not be inspected to say why.
  weB79v4Zstk: weB79v4Zstk: no de subtitles came back, and the video could not be inspected to say why.
  XapB1C7P09A: XapB1C7P09A: no de subtitles came back, and the video could not be inspected to say why.
  sWkC_529gUY: sWkC_529gUY: no de subtitles came back, and the video could not be inspected to say why.
  d0L0VOsgUoE: d0L0VOsgUoE: no de subtitles came back, and the video could not be inspected to say why.
  AZOiUtVj5tU: AZOiUtVj5tU: no de subtitles came back, and the video could not be inspected to say why.
  YPpmeLjUTSM: YPpmeLjUTSM: no de subtitles came back, and the video could not be inspected to say why.
  Q9tnTi4oCEk: Q9tnTi4oCEk: no de subtitles came back, and the video could not be inspected to say why.
  N833JSKYZcs: N833JSKYZcs: no de subtitles came back, and the video could not be inspected to say why.
  e58AXKUCGhM: e58AXKUCGhM: no de subtitles came back, and the video could not be inspected to say why.
  yQufBfxzjwY: yQufBfxzjwY: no de subtitles came back, and the video could not be inspected to say why.
  Jt4RJJ3-PqQ: Jt4RJJ3-PqQ: no de subtitles came back, and the video could not be inspected to say why.
  HjOu7oOXHSQ: HjOu7oOXHSQ: no de subtitles came back, and the video could not be inspected to say why.
  aXYRnGtPJi0: aXYRnGtPJi0: no de subtitles came back, and the video could not be inspected to say why.
  MyuC5kYqRTk: MyuC5kYqRTk: no de subtitles came back, and the video could not be inspected to say why.
  194eD9wCW4k: 194eD9wCW4k: no de subtitles came back, and the video could not be inspected to say why.
  JQ5k3Amavqg: JQ5k3Amavqg: no de subtitles came back, and the video could not be inspected to say why.
  SJz-EDV2C4Y: SJz-EDV2C4Y: no de subtitles came back, and the video could not be inspected to say why.
  iCrFm56hguo: iCrFm56hguo: no de subtitles came back, and the video could not be inspected to say why.
  Pj3ku92lb6Y: Pj3ku92lb6Y: no de subtitles came back, and the video could not be inspected to say why.
  XvKp77qPA-w: XvKp77qPA-w: no de subtitles came back, and the video could not be inspected to say why.
  -FyFCXCuGoc: -FyFCXCuGoc: no de subtitles came back, and the video could not be inspected to say why.
  XkCgeI9r5as: XkCgeI9r5as: no de subtitles came back, and the video could not be inspected to say why.
  bGKoHhntqYU: bGKoHhntqYU: no de subtitles came back, and the video could not be inspected to say why.
  _m5enJeq6j4: _m5enJeq6j4: no de subtitles came back, and the video could not be inspected to say why.
  xiGBkOQaZys: xiGBkOQaZys: no de subtitles came back, and the video could not be inspected to say why.
  7SV4cj-dcTg: 7SV4cj-dcTg: no de subtitles came back, and the video could not be inspected to say why.
  x-S6x1OCdD8: x-S6x1OCdD8: no de subtitles came back, and the video could not be inspected to say why.
  KcQ47ZBbuBo: KcQ47ZBbuBo: no de subtitles came back, and the video could not be inspected to say why.
  GiDB8giv_Xk: GiDB8giv_Xk: no de subtitles came back, and the video could not be inspected to say why.
  GQJ54nI0wGk: GQJ54nI0wGk: no de subtitles came back, and the video could not be inspected to say why.
  jziBPIVh4XI: jziBPIVh4XI: no de subtitles came back, and the video could not be inspected to say why.
  mLOCv3ZcwuQ: mLOCv3ZcwuQ: no de subtitles came back, and the video could not be inspected to say why.
  amzqgKpI88E: amzqgKpI88E: no de subtitles came back, and the video could not be inspected to say why.
  WsRNDJgUbLI: WsRNDJgUbLI: no de subtitles came back, and the video could not be inspected to say why.
  GYwkMErXK48: GYwkMErXK48: no de subtitles came back, and the video could not be inspected to say why.
  QCVkDM59PvA: QCVkDM59PvA: no de subtitles came back, and the video could not be inspected to say why.
  hcxnlMDXj1U: hcxnlMDXj1U: no de subtitles came back, and the video could not be inspected to say why.
  wlFMwAuYxsk: wlFMwAuYxsk: no de subtitles came back, and the video could not be inspected to say why.
  S-WU2zCMC7E: S-WU2zCMC7E: no de subtitles came back, and the video could not be inspected to say why.
  WXwING44xBw: WXwING44xBw: no de subtitles came back, and the video could not be inspected to say why.
  BqigJmEHYuw: BqigJmEHYuw: no de subtitles came back, and the video could not be inspected to say why.
  pYRwTWzSEqg: pYRwTWzSEqg: no de subtitles came back, and the video could not be inspected to say why.
  z6TPjly_6tA: z6TPjly_6tA: no de subtitles came back, and the video could not be inspected to say why.
  FpCWTyYnSDo: FpCWTyYnSDo: no de subtitles came back, and the video could not be inspected to say why.
  6_G8FIhrtIk: 6_G8FIhrtIk: no de subtitles came back, and the video could not be inspected to say why.
  sJy6XUyUV9o: sJy6XUyUV9o: no de subtitles came back, and the video could not be inspected to say why.
  3SNCow6cGSg: 3SNCow6cGSg: no de subtitles came back, and the video could not be inspected to say why.
  TTfBfqfi-kM: TTfBfqfi-kM: no de subtitles came back, and the video could not be inspected to say why.
  YBZHEYZnjkA: YBZHEYZnjkA: no de subtitles came back, and the video could not be inspected to say why.
  sE5OJ3H30fs: sE5OJ3H30fs: no de subtitles came back, and the video could not be inspected to say why.
  5dL-OF5JY8E: 5dL-OF5JY8E: no de subtitles came back, and the video could not be inspected to say why.
  OLB6tThOUIo: OLB6tThOUIo: no de subtitles came back, and the video could not be inspected to say why.
  KZp15FYS_ds: KZp15FYS_ds: no de subtitles came back, and the video could not be inspected to say why.
  8WLyAe15UBE: 8WLyAe15UBE: no de subtitles came back, and the video could not be inspected to say why.
  iWL3Fp0Uh80: iWL3Fp0Uh80: no de subtitles came back, and the video could not be inspected to say why.
  bqTY5H2DLjc: bqTY5H2DLjc: no de subtitles came back, and the video could not be inspected to say why.
  tja28N-4Tj8: tja28N-4Tj8: no de subtitles came back, and the video could not be inspected to say why.
  RAojDzz8nTY: RAojDzz8nTY: no de subtitles came back, and the video could not be inspected to say why.
  l08mAGfNbiA: l08mAGfNbiA: no de subtitles came back, and the video could not be inspected to say why.
  5Dz79zu26FI: 5Dz79zu26FI: no de subtitles came back, and the video could not be inspected to say why.
  XSAxi8SzUYo: XSAxi8SzUYo: no de subtitles came back, and the video could not be inspected to say why.
  9oa4dLbNHK4: 9oa4dLbNHK4: no de subtitles came back, and the video could not be inspected to say why.
  k1wuYnZhxSM: k1wuYnZhxSM: no de subtitles came back, and the video could not be inspected to say why.
  jESUFb9mpO4: jESUFb9mpO4: no de subtitles came back, and the video could not be inspected to say why.
  hCIyB-jO0cY: hCIyB-jO0cY: no de subtitles came back, and the video could not be inspected to say why.
  YIPYoUa7ytA: YIPYoUa7ytA: no de subtitles came back, and the video could not be inspected to say why.
  HtEriwPA7s0: HtEriwPA7s0: no de subtitles came back, and the video could not be inspected to say why.
  GVSIyyC0dx0: GVSIyyC0dx0: no de subtitles came back, and the video could not be inspected to say why.
  m7QA9GH_rXM: m7QA9GH_rXM: no de subtitles came back, and the video could not be inspected to say why.
  jlWIdVXQABo: jlWIdVXQABo: no de subtitles came back, and the video could not be inspected to say why.
  vMquMgDI39k: vMquMgDI39k: no de subtitles came back, and the video could not be inspected to say why.
  iWvi21FuzhI: iWvi21FuzhI: no de subtitles came back, and the video could not be inspected to say why.
  WlGTJAz4k9w: WlGTJAz4k9w: no de subtitles came back, and the video could not be inspected to say why.
  -5uWaBml65o: -5uWaBml65o: no de subtitles came back, and the video could not be inspected to say why.
  DathnYDq_Tg: DathnYDq_Tg: no de subtitles came back, and the video could not be inspected to say why.
  N4DyS7rGfWo: N4DyS7rGfWo: no de subtitles came back, and the video could not be inspected to say why.
  Y5Z9tDB4if4: Y5Z9tDB4if4: no de subtitles came back, and the video could not be inspected to say why.
  hB8vJuO4CUI: hB8vJuO4CUI: no de subtitles came back, and the video could not be inspected to say why.
  G4DVxsq6JSE: G4DVxsq6JSE: no de subtitles came back, and the video could not be inspected to say why.
  q9FyeDvCy98: q9FyeDvCy98: no de subtitles came back, and the video could not be inspected to say why.
  DIsgtXtob1k: DIsgtXtob1k: no de subtitles came back, and the video could not be inspected to say why.
  pDdKN_tpdT4: pDdKN_tpdT4: no de subtitles came back, and the video could not be inspected to say why.
  vlbAj3jd1qo: vlbAj3jd1qo: no de subtitles came back, and the video could not be inspected to say why.
  ma1M81GuT5I: ma1M81GuT5I: no de subtitles came back, and the video could not be inspected to say why.
  oyZ1g6J5Zb4: oyZ1g6J5Zb4: no de subtitles came back, and the video could not be inspected to say why.
  iQ6NxvQRfq4: iQ6NxvQRfq4: no de subtitles came back, and the video could not be inspected to say why.
  0905ODYCxxg: 0905ODYCxxg: no de subtitles came back, and the video could not be inspected to say why.
  8YqMZLVd2h8: 8YqMZLVd2h8: no de subtitles came back, and the video could not be inspected to say why.
  hCA4iOPjZ2w: hCA4iOPjZ2w: no de subtitles came back, and the video could not be inspected to say why.
  iAfsGvvnbXo: iAfsGvvnbXo: no de subtitles came back, and the video could not be inspected to say why.
  XxEmM5raDec: XxEmM5raDec: no de subtitles came back, and the video could not be inspected to say why.
  eRbAQilJWKs: eRbAQilJWKs: no de subtitles came back, and the video could not be inspected to say why.
  VfjQ-qCWTLc: VfjQ-qCWTLc: no de subtitles came back, and the video could not be inspected to say why.
  iaVNDMgUtRo: iaVNDMgUtRo: no de subtitles came back, and the video could not be inspected to say why.
  yXCNSrQxUu0: yXCNSrQxUu0: no de subtitles came back, and the video could not be inspected to say why.
  X9QdRgEilGE: X9QdRgEilGE: no de subtitles came back, and the video could not be inspected to say why.
  pQNR0cgd5bg: pQNR0cgd5bg: no de subtitles came back, and the video could not be inspected to say why.
  upo_P3e0Rzg: upo_P3e0Rzg: no de subtitles came back, and the video could not be inspected to say why.
  GD4w3G6_Zx8: GD4w3G6_Zx8: no de subtitles came back, and the video could not be inspected to say why.
  u_qpOs6nifQ: u_qpOs6nifQ: no de subtitles came back, and the video could not be inspected to say why.
  gg7LWb2sL1Q: gg7LWb2sL1Q: no de subtitles came back, and the video could not be inspected to say why.
  3yS3lLM0zAo: 3yS3lLM0zAo: no de subtitles came back, and the video could not be inspected to say why.
  fhm7oxpeFP0: fhm7oxpeFP0: no de subtitles came back, and the video could not be inspected to say why.
  10r_xwYTKbI: 10r_xwYTKbI: no de subtitles came back, and the video could not be inspected to say why.
  H2cpxUryixA: H2cpxUryixA: no de subtitles came back, and the video could not be inspected to say why.
  Q_9QsETSXaM: Q_9QsETSXaM: no de subtitles came back, and the video could not be inspected to say why.
  rUfdQeUYmug: rUfdQeUYmug: no de subtitles came back, and the video could not be inspected to say why.
  TFFfXI8iyko: TFFfXI8iyko: no de subtitles came back, and the video could not be inspected to say why.
  i8tYV6hQyuU: i8tYV6hQyuU: no de subtitles came back, and the video could not be inspected to say why.
  ZWdA4p9sFro: ZWdA4p9sFro: no de subtitles came back, and the video could not be inspected to say why.
  Jg6R9AxdXSQ: Jg6R9AxdXSQ: no de subtitles came back, and the video could not be inspected to say why.
  OYNaXMq7znE: OYNaXMq7znE: no de subtitles came back, and the video could not be inspected to say why.
  0tNbgVXtQIU: 0tNbgVXtQIU: no de subtitles came back, and the video could not be inspected to say why.
  Bp_hdF4i68w: Bp_hdF4i68w: no de subtitles came back, and the video could not be inspected to say why.
  Y8lQnAYWrhw: Y8lQnAYWrhw: no de subtitles came back, and the video could not be inspected to say why.
  _uSkqIPwWsY: _uSkqIPwWsY: no de subtitles came back, and the video could not be inspected to say why.
  JOy3nAA8A_c: JOy3nAA8A_c: no de subtitles came back, and the video could not be inspected to say why.
  ZbX__5vK01I: ZbX__5vK01I: no de subtitles came back, and the video could not be inspected to say why.
  DzOectt3mNg: DzOectt3mNg: no de subtitles came back, and the video could not be inspected to say why.
  7rqD_cZ-KGU: 7rqD_cZ-KGU: no de subtitles came back, and the video could not be inspected to say why.
  lQjoOa2LezY: lQjoOa2LezY: no de subtitles came back, and the video could not be inspected to say why.
  7rU15qRVg9w: 7rU15qRVg9w: no de subtitles came back, and the video could not be inspected to say why.
  2jvIDv9ZXh4: 2jvIDv9ZXh4: no de subtitles came back, and the video could not be inspected to say why.
  v4y5dmpK4IM: v4y5dmpK4IM: no de subtitles came back, and the video could not be inspected to say why.
  nnsUvaB_Ek4: nnsUvaB_Ek4: no de subtitles came back, and the video could not be inspected to say why.
  HAaaQWbnO8Y: HAaaQWbnO8Y: no de subtitles came back, and the video could not be inspected to say why.
  ZFLkEKQZ-pA: ZFLkEKQZ-pA: no de subtitles came back, and the video could not be inspected to say why.
  fSrRa5KIg6w: fSrRa5KIg6w: no de subtitles came back, and the video could not be inspected to say why.
  dtkeU9EgqvM: dtkeU9EgqvM: no de subtitles came back, and the video could not be inspected to say why.
  3ykd8jv3nWY: 3ykd8jv3nWY: no de subtitles came back, and the video could not be inspected to say why.
  _raOIUoLvcI: _raOIUoLvcI: no de subtitles came back, and the video could not be inspected to say why.
  NSpy80caNBs: NSpy80caNBs: no de subtitles came back, and the video could not be inspected to say why.
  o9SVU-G1mLw: o9SVU-G1mLw: no de subtitles came back, and the video could not be inspected to say why.
  L2B4kY-wdCY: L2B4kY-wdCY: no de subtitles came back, and the video could not be inspected to say why.
  h5Tu-L_doCk: h5Tu-L_doCk: no de subtitles came back, and the video could not be inspected to say why.
  QwpBJVppmaU: QwpBJVppmaU: no de subtitles came back, and the video could not be inspected to say why.
  -tZ2tK4_G5M: -tZ2tK4_G5M: no de subtitles came back, and the video could not be inspected to say why.
  sw_ZRJK4PnY: sw_ZRJK4PnY: no de subtitles came back, and the video could not be inspected to say why.
  1XyTSjwRLng: 1XyTSjwRLng: no de subtitles came back, and the video could not be inspected to say why.
  TG1X7uasgLE: TG1X7uasgLE: no de subtitles came back, and the video could not be inspected to say why.
  Kzhl7pNVLNU: Kzhl7pNVLNU: no de subtitles came back, and the video could not be inspected to say why.
  yKoO_oZMS70: yKoO_oZMS70: no de subtitles came back, and the video could not be inspected to say why.
  jK_foKSYRT8: jK_foKSYRT8: no de subtitles came back, and the video could not be inspected to say why.
  _IXi5RZUcTU: _IXi5RZUcTU: no de subtitles came back, and the video could not be inspected to say why.
  hDonVDFwpwg: hDonVDFwpwg: no de subtitles came back, and the video could not be inspected to say why.
  MHRrjnxHEHY: MHRrjnxHEHY: no de subtitles came back, and the video could not be inspected to say why.
  NeZ8z7YiJdU: NeZ8z7YiJdU: no de subtitles came back, and the video could not be inspected to say why.
  ESLa3YT1nps: ESLa3YT1nps: no de subtitles came back, and the video could not be inspected to say why.
  10mdxRtpqUQ: 10mdxRtpqUQ: no de subtitles came back, and the video could not be inspected to say why.
  TN_ROjzbtUo: TN_ROjzbtUo: no de subtitles came back, and the video could not be inspected to say why.
  xwMqd3GV7is: xwMqd3GV7is: no de subtitles came back, and the video could not be inspected to say why.
  xqXlQY7mOhg: xqXlQY7mOhg: no de subtitles came back, and the video could not be inspected to say why.
  2OJZzdXpObs: 2OJZzdXpObs: no de subtitles came back, and the video could not be inspected to say why.
  dHmYeutMm98: dHmYeutMm98: no de subtitles came back, and the video could not be inspected to say why.
  2O7A7GtkAmU: 2O7A7GtkAmU: no de subtitles came back, and the video could not be inspected to say why.
  QqqF82KTWeI: QqqF82KTWeI: no de subtitles came back, and the video could not be inspected to say why.
  R4-VQkFYh-s: R4-VQkFYh-s: no de subtitles came back, and the video could not be inspected to say why.
  ExYkWSLbBOI: ExYkWSLbBOI: no de subtitles came back, and the video could not be inspected to say why.
  nqkNiPPoGxQ: nqkNiPPoGxQ: no de subtitles came back, and the video could not be inspected to say why.
  XgQiOXCRb3Y: XgQiOXCRb3Y: no de subtitles came back, and the video could not be inspected to say why.
  LWiTgV5-xO8: LWiTgV5-xO8: no de subtitles came back, and the video could not be inspected to say why.
  MW9EUpESqQQ: MW9EUpESqQQ: no de subtitles came back, and the video could not be inspected to say why.
  gYm86N5vPv8: gYm86N5vPv8: no de subtitles came back, and the video could not be inspected to say why.
  _ttpZXcb7OQ: _ttpZXcb7OQ: no de subtitles came back, and the video could not be inspected to say why.
  T7GyA4UseZ0: T7GyA4UseZ0: no de subtitles came back, and the video could not be inspected to say why.
  T4M67GzzGLU: T4M67GzzGLU: no de subtitles came back, and the video could not be inspected to say why.
  2ga-ZDxwl7Y: 2ga-ZDxwl7Y: no de subtitles came back, and the video could not be inspected to say why.
  0AqO5NFuIIA: 0AqO5NFuIIA: no de subtitles came back, and the video could not be inspected to say why.
  FRFUP8U7U8w: FRFUP8U7U8w: no de subtitles came back, and the video could not be inspected to say why.
  Zp1oSn9m9j8: Zp1oSn9m9j8: no de subtitles came back, and the video could not be inspected to say why.
  NIDRiKHC3_A: NIDRiKHC3_A: no de subtitles came back, and the video could not be inspected to say why.
  ixfqAgvuzFc: ixfqAgvuzFc: no de subtitles came back, and the video could not be inspected to say why.
  7Jf0H9no8vM: 7Jf0H9no8vM: no de subtitles came back, and the video could not be inspected to say why.
  -SqjAHnVK8M: -SqjAHnVK8M: no de subtitles came back, and the video could not be inspected to say why.
  aOzTmW2I_us: aOzTmW2I_us: no de subtitles came back, and the video could not be inspected to say why.
  j3JOmrR9rNc: j3JOmrR9rNc: no de subtitles came back, and the video could not be inspected to say why.
  c88tm-WnjWc: c88tm-WnjWc: no de subtitles came back, and the video could not be inspected to say why.
  1zi41PatKto: 1zi41PatKto: no de subtitles came back, and the video could not be inspected to say why.
  9MJivK9UHKI: 9MJivK9UHKI: no de subtitles came back, and the video could not be inspected to say why.
  wRLZJOI--sw: wRLZJOI--sw: no de subtitles came back, and the video could not be inspected to say why.
  PB92t2Q_sx0: PB92t2Q_sx0: no de subtitles came back, and the video could not be inspected to say why.
  Fh-exEElOU0: Fh-exEElOU0: no de subtitles came back, and the video could not be inspected to say why.
  ORTZf9XX47k: ORTZf9XX47k: no de subtitles came back, and the video could not be inspected to say why.
  9W57bnSzToY: 9W57bnSzToY: no de subtitles came back, and the video could not be inspected to say why.
  q4uUMmnIwds: q4uUMmnIwds: no de subtitles came back, and the video could not be inspected to say why.
  yHfEubzV2mc: yHfEubzV2mc: no de subtitles came back, and the video could not be inspected to say why.
  ignGZnYKXQg: ignGZnYKXQg: no de subtitles came back, and the video could not be inspected to say why.
  QY6KE3io42E: QY6KE3io42E: no de subtitles came back, and the video could not be inspected to say why.
  SLTMd34ZrMg: SLTMd34ZrMg: no de subtitles came back, and the video could not be inspected to say why.
  dlTrEIomeUo: dlTrEIomeUo: no de subtitles came back, and the video could not be inspected to say why.
  WnVR5zBrh_w: WnVR5zBrh_w: no de subtitles came back, and the video could not be inspected to say why.
  so_l-CaJvH8: so_l-CaJvH8: no de subtitles came back, and the video could not be inspected to say why.
  YjhS-SSCVbc: YjhS-SSCVbc: no de subtitles came back, and the video could not be inspected to say why.
  10E7345eViM: 10E7345eViM: no de subtitles came back, and the video could not be inspected to say why.
  8LkIx1bESbw: 8LkIx1bESbw: no de subtitles came back, and the video could not be inspected to say why.
  ScEdKnOM6Ic: ScEdKnOM6Ic: no de subtitles came back, and the video could not be inspected to say why.
  1ZjpmsXGlbU: 1ZjpmsXGlbU: no de subtitles came back, and the video could not be inspected to say why.
  eFVv1vPHedI: eFVv1vPHedI: no de subtitles came back, and the video could not be inspected to say why.
  xxI0lHNc-uI: xxI0lHNc-uI: no de subtitles came back, and the video could not be inspected to say why.
  pVCMOFqInGo: pVCMOFqInGo: no de subtitles came back, and the video could not be inspected to say why.
  slVmDcmFECA: slVmDcmFECA: no de subtitles came back, and the video could not be inspected to say why.
  5RHRXE6v54U: 5RHRXE6v54U: no de subtitles came back, and the video could not be inspected to say why.
  i0gqIYuzpJs: i0gqIYuzpJs: no de subtitles came back, and the video could not be inspected to say why.
  paaKNerl0rg: paaKNerl0rg: no de subtitles came back, and the video could not be inspected to say why.
  Xc9BDgKIQdk: Xc9BDgKIQdk: no de subtitles came back, and the video could not be inspected to say why.
  bauzzIOwGbs: bauzzIOwGbs: no de subtitles came back, and the video could not be inspected to say why.
  qjmaPytroMo: qjmaPytroMo: no de subtitles came back, and the video could not be inspected to say why.
  ssOy_wBbWEg: ssOy_wBbWEg: no de subtitles came back, and the video could not be inspected to say why.
  GFvmGMJ2CZo: GFvmGMJ2CZo: no de subtitles came back, and the video could not be inspected to say why.
  GnCjP7bfLzo: GnCjP7bfLzo: no de subtitles came back, and the video could not be inspected to say why.
  a9s-bko1YDY: a9s-bko1YDY: no de subtitles came back, and the video could not be inspected to say why.
  EinSd4xPoK8: EinSd4xPoK8: no de subtitles came back, and the video could not be inspected to say why.
  FlEJ6uo6Ob4: FlEJ6uo6Ob4: no de subtitles came back, and the video could not be inspected to say why.
  3l1KLZMitI0: 3l1KLZMitI0: no de subtitles came back, and the video could not be inspected to say why.
  lxySZZCcO9A: lxySZZCcO9A: no de subtitles came back, and the video could not be inspected to say why.
  tee3u8qIJEY: tee3u8qIJEY: no de subtitles came back, and the video could not be inspected to say why.
  ZHM_n_C1KqI: ZHM_n_C1KqI: no de subtitles came back, and the video could not be inspected to say why.
  J-Q3_VpZWso: J-Q3_VpZWso: no de subtitles came back, and the video could not be inspected to say why.
  JKwIGzcqOXg: JKwIGzcqOXg: no de subtitles came back, and the video could not be inspected to say why.
  orS3UqRPOTo: orS3UqRPOTo: no de subtitles came back, and the video could not be inspected to say why.
  WxZrCluDWcE: WxZrCluDWcE: no de subtitles came back, and the video could not be inspected to say why.
  WbY7AY-rRGE: WbY7AY-rRGE: no de subtitles came back, and the video could not be inspected to say why.
  Ele_qyMOLKE: Ele_qyMOLKE: no de subtitles came back, and the video could not be inspected to say why.
  Fey84ju3FoY: Fey84ju3FoY: no de subtitles came back, and the video could not be inspected to say why.
  deQHO4h-_Lc: deQHO4h-_Lc: no de subtitles came back, and the video could not be inspected to say why.
  hZECsgs_1W4: hZECsgs_1W4: no de subtitles came back, and the video could not be inspected to say why.
  8sCzsr6SAjk: 8sCzsr6SAjk: no de subtitles came back, and the video could not be inspected to say why.
  udKCtCg_zEg: udKCtCg_zEg: no de subtitles came back, and the video could not be inspected to say why.
  BiMqniWA9Ek: BiMqniWA9Ek: no de subtitles came back, and the video could not be inspected to say why.
  XvOYzTV_XU0: XvOYzTV_XU0: no de subtitles came back, and the video could not be inspected to say why.
  khcRBxnnou4: khcRBxnnou4: no de subtitles came back, and the video could not be inspected to say why.
  -sKxT1-JVp8: -sKxT1-JVp8: no de subtitles came back, and the video could not be inspected to say why.
  v2ImIhhiL8U: v2ImIhhiL8U: no de subtitles came back, and the video could not be inspected to say why.
  AIm_VIaNG04: AIm_VIaNG04: no de subtitles came back, and the video could not be inspected to say why.
  VVoY-HEJnDA: VVoY-HEJnDA: no de subtitles came back, and the video could not be inspected to say why.
  Z3b0mHLiwPQ: Z3b0mHLiwPQ: no de subtitles came back, and the video could not be inspected to say why.
  BZ_mjUd3Vu0: BZ_mjUd3Vu0: no de subtitles came back, and the video could not be inspected to say why.
  hdfVpkCPIXI: hdfVpkCPIXI: no de subtitles came back, and the video could not be inspected to say why.
  -MznmW1O_IE: -MznmW1O_IE: no de subtitles came back, and the video could not be inspected to say why.
  YzCSJmbU5Nc: YzCSJmbU5Nc: no de subtitles came back, and the video could not be inspected to say why.
  c8WiD7zd0M4: c8WiD7zd0M4: no de subtitles came back, and the video could not be inspected to say why.
  jzIAkmAB1ac: jzIAkmAB1ac: no de subtitles came back, and the video could not be inspected to say why.
  YVa5Xq6ODBY: YVa5Xq6ODBY: no de subtitles came back, and the video could not be inspected to say why.
  1gBtstAYL1o: 1gBtstAYL1o: no de subtitles came back, and the video could not be inspected to say why.
  E_MBWW-z3N8: E_MBWW-z3N8: no de subtitles came back, and the video could not be inspected to say why.
  HCaWjjkQfTY: HCaWjjkQfTY: no de subtitles came back, and the video could not be inspected to say why.
  k-3PhTTcsqE: k-3PhTTcsqE: no de subtitles came back, and the video could not be inspected to say why.
  XFUCOz_suyc: XFUCOz_suyc: no de subtitles came back, and the video could not be inspected to say why.
  vrljhSNK2Ro: vrljhSNK2Ro: no de subtitles came back, and the video could not be inspected to say why.
  08yvW-n5X64: 08yvW-n5X64: no de subtitles came back, and the video could not be inspected to say why.
  nfj5yz_5DYs: nfj5yz_5DYs: no de subtitles came back, and the video could not be inspected to say why.
  y5Oxjs6Hn2I: y5Oxjs6Hn2I: no de subtitles came back, and the video could not be inspected to say why.
  FoJ5I3p0Ovo: FoJ5I3p0Ovo: no de subtitles came back, and the video could not be inspected to say why.
  MVE9MZjzTvA: MVE9MZjzTvA: no de subtitles came back, and the video could not be inspected to say why.
  KKjfONXewtA: KKjfONXewtA: no de subtitles came back, and the video could not be inspected to say why.
  v1Eu8t94Qio: v1Eu8t94Qio: no de subtitles came back, and the video could not be inspected to say why.
  RvCUtgyG0lI: RvCUtgyG0lI: no de subtitles came back, and the video could not be inspected to say why.
  qZvsXFbEmRA: qZvsXFbEmRA: no de subtitles came back, and the video could not be inspected to say why.
  MyyPdn6O4Xo: MyyPdn6O4Xo: no de subtitles came back, and the video could not be inspected to say why.
  dBdvODaRcbE: dBdvODaRcbE: no de subtitles came back, and the video could not be inspected to say why.
  Ymo7jlG6CAU: Ymo7jlG6CAU: no de subtitles came back, and the video could not be inspected to say why.
  MBApqMZGbt0: MBApqMZGbt0: no de subtitles came back, and the video could not be inspected to say why.
  G-89Fgvc6xo: G-89Fgvc6xo: no de subtitles came back, and the video could not be inspected to say why.
  GNE0NOhN0pU: GNE0NOhN0pU: no de subtitles came back, and the video could not be inspected to say why.
  JDQMLjGAyNc: JDQMLjGAyNc: no de subtitles came back, and the video could not be inspected to say why.
  sFXuBWg9mXo: sFXuBWg9mXo: no de subtitles came back, and the video could not be inspected to say why.
  slW5wJBzad4: slW5wJBzad4: no de subtitles came back, and the video could not be inspected to say why.
  Ww4q-Fc7__4: Ww4q-Fc7__4: no de subtitles came back, and the video could not be inspected to say why.
  qGAREJOexOI: qGAREJOexOI: no de subtitles came back, and the video could not be inspected to say why.
  stmWpqbGLWU: stmWpqbGLWU: no de subtitles came back, and the video could not be inspected to say why.
  RKoAUknCkxY: RKoAUknCkxY: no de subtitles came back, and the video could not be inspected to say why.
  8W7NkGtnK58: 8W7NkGtnK58: no de subtitles came back, and the video could not be inspected to say why.
  nQsRhE0LQ2Q: nQsRhE0LQ2Q: no de subtitles came back, and the video could not be inspected to say why.
  LWVsupY8oco: LWVsupY8oco: no de subtitles came back, and the video could not be inspected to say why.
  wDY1bDLBubc: wDY1bDLBubc: no de subtitles came back, and the video could not be inspected to say why.
  lp32-d2FCDQ: lp32-d2FCDQ: no de subtitles came back, and the video could not be inspected to say why.
  ZKkCNBVYQDk: ZKkCNBVYQDk: no de subtitles came back, and the video could not be inspected to say why.
  OrXRvrBU1kE: OrXRvrBU1kE: no de subtitles came back, and the video could not be inspected to say why.
  jdbShawcsKI: jdbShawcsKI: no de subtitles came back, and the video could not be inspected to say why.
  V3XagMeG36A: V3XagMeG36A: no de subtitles came back, and the video could not be inspected to say why.
  BGsNGnDiv5A: BGsNGnDiv5A: no de subtitles came back, and the video could not be inspected to say why.
  vH6ySq-_oaM: vH6ySq-_oaM: no de subtitles came back, and the video could not be inspected to say why.
  MsoOL2KLwgE: MsoOL2KLwgE: no de subtitles came back, and the video could not be inspected to say why.
  bYQ887x2dhA: bYQ887x2dhA: no de subtitles came back, and the video could not be inspected to say why.
  GZISQPQIKro: GZISQPQIKro: no de subtitles came back, and the video could not be inspected to say why.
  Bz4j6CswZPQ: Bz4j6CswZPQ: no de subtitles came back, and the video could not be inspected to say why.
  0431mWYeuKQ: 0431mWYeuKQ: no de subtitles came back, and the video could not be inspected to say why.
  O_yGogwGKSs: O_yGogwGKSs: no de subtitles came back, and the video could not be inspected to say why.
  9U5PIal6Gyg: 9U5PIal6Gyg: no de subtitles came back, and the video could not be inspected to say why.
  jR8czENYgc0: jR8czENYgc0: no de subtitles came back, and the video could not be inspected to say why.
  zgrBmCVSP9Q: zgrBmCVSP9Q: no de subtitles came back, and the video could not be inspected to say why.
  ev14cqwu2vk: ev14cqwu2vk: no de subtitles came back, and the video could not be inspected to say why.
  QvKCRUOKj0c: QvKCRUOKj0c: no de subtitles came back, and the video could not be inspected to say why.
  gCeK5vapPrY: gCeK5vapPrY: no de subtitles came back, and the video could not be inspected to say why.
  jvJS8IyZvUc: jvJS8IyZvUc: no de subtitles came back, and the video could not be inspected to say why.
  -G7U4JV3brM: -G7U4JV3brM: no de subtitles came back, and the video could not be inspected to say why.
  PMOIw645EKc: PMOIw645EKc: no de subtitles came back, and the video could not be inspected to say why.
  sXZYvjSjliA: sXZYvjSjliA: no de subtitles came back, and the video could not be inspected to say why.
  BW3M2mJmu_8: BW3M2mJmu_8: no de subtitles came back, and the video could not be inspected to say why.
  W2fsSkMdiBU: W2fsSkMdiBU: no de subtitles came back, and the video could not be inspected to say why.
  S2nTKGuIoNE: S2nTKGuIoNE: no de subtitles came back, and the video could not be inspected to say why.
  B96dyDKR4bI: B96dyDKR4bI: no de subtitles came back, and the video could not be inspected to say why.
  G0CWaYp3s5Y: G0CWaYp3s5Y: no de subtitles came back, and the video could not be inspected to say why.
  TwDhMihOjLk: TwDhMihOjLk: no de subtitles came back, and the video could not be inspected to say why.
  oYjZvQfA-4A: oYjZvQfA-4A: no de subtitles came back, and the video could not be inspected to say why.
  BsacPL1BZ-8: BsacPL1BZ-8: no de subtitles came back, and the video could not be inspected to say why.
  l9Nc7A3cnNw: l9Nc7A3cnNw: no de subtitles came back, and the video could not be inspected to say why.
  FWYqniCwg_Q: FWYqniCwg_Q: no de subtitles came back, and the video could not be inspected to say why.
  yMQtl0eVxyk: yMQtl0eVxyk: no de subtitles came back, and the video could not be inspected to say why.
  DX4LauAy-2Y: DX4LauAy-2Y: no de subtitles came back, and the video could not be inspected to say why.
  xXHlGMWu_48: xXHlGMWu_48: no de subtitles came back, and the video could not be inspected to say why.
  djgPAUQBMTk: djgPAUQBMTk: no de subtitles came back, and the video could not be inspected to say why.
  V_579LG9NJE: V_579LG9NJE: no de subtitles came back, and the video could not be inspected to say why.
  J9KuZhTMDP4: J9KuZhTMDP4: no de subtitles came back, and the video could not be inspected to say why.
  j-xbdiqd564: j-xbdiqd564: no de subtitles came back, and the video could not be inspected to say why.
  P45e88VRVb4: P45e88VRVb4: no de subtitles came back, and the video could not be inspected to say why.
  8SiYM8WA-9Q: 8SiYM8WA-9Q: no de subtitles came back, and the video could not be inspected to say why.
  BQNjokQDkFc: BQNjokQDkFc: no de subtitles came back, and the video could not be inspected to say why.
  SWGMC5oO3YI: SWGMC5oO3YI: no de subtitles came back, and the video could not be inspected to say why.
  mOmRO6Ez42U: mOmRO6Ez42U: no de subtitles came back, and the video could not be inspected to say why.
  4DLg5Ojk0I8: 4DLg5Ojk0I8: no de subtitles came back, and the video could not be inspected to say why.
  5G_ZoNufjmU: 5G_ZoNufjmU: no de subtitles came back, and the video could not be inspected to say why.
  M3U538AEWRE: M3U538AEWRE: no de subtitles came back, and the video could not be inspected to say why.
  bBuDOhzbdoU: bBuDOhzbdoU: no de subtitles came back, and the video could not be inspected to say why.
  jM5ccHtruo8: jM5ccHtruo8: no de subtitles came back, and the video could not be inspected to say why.
  fycnilZJExA: fycnilZJExA: no de subtitles came back, and the video could not be inspected to say why.
  y9U_qCNX7Ic: y9U_qCNX7Ic: no de subtitles came back, and the video could not be inspected to say why.
  4Ga87xAS3rk: 4Ga87xAS3rk: no de subtitles came back, and the video could not be inspected to say why.
  tDIwB7uaRHk: tDIwB7uaRHk: no de subtitles came back, and the video could not be inspected to say why.
  8KcJI5-C3J4: 8KcJI5-C3J4: no de subtitles came back, and the video could not be inspected to say why.
  X9P2REg4B0o: X9P2REg4B0o: no de subtitles came back, and the video could not be inspected to say why.
  0Wc5XJWE-Rk: 0Wc5XJWE-Rk: no de subtitles came back, and the video could not be inspected to say why.
  6hriPl8VpKg: 6hriPl8VpKg: no de subtitles came back, and the video could not be inspected to say why.
  T0azRL9Wld8: T0azRL9Wld8: no de subtitles came back, and the video could not be inspected to say why.
  IEgXAbZq-xA: IEgXAbZq-xA: no de subtitles came back, and the video could not be inspected to say why.
  6uV6UMviXRE: 6uV6UMviXRE: no de subtitles came back, and the video could not be inspected to say why.
  qw8qeg9Xh48: qw8qeg9Xh48: no de subtitles came back, and the video could not be inspected to say why.
  D1YITQGGsq8: D1YITQGGsq8: no de subtitles came back, and the video could not be inspected to say why.
  2n3bkAT89no: 2n3bkAT89no: no de subtitles came back, and the video could not be inspected to say why.
  phL7iAYUihg: phL7iAYUihg: no de subtitles came back, and the video could not be inspected to say why.
  gAPevtNCREg: gAPevtNCREg: no de subtitles came back, and the video could not be inspected to say why.
  eQB-bV1gMGs: eQB-bV1gMGs: no de subtitles came back, and the video could not be inspected to say why.
  1iTysXj6m8Y: 1iTysXj6m8Y: no de subtitles came back, and the video could not be inspected to say why.
  KOE6Aw7hLbI: KOE6Aw7hLbI: no de subtitles came back, and the video could not be inspected to say why.
  _8Fj9Xss0qc: _8Fj9Xss0qc: no de subtitles came back, and the video could not be inspected to say why.
  PKTuU_CtT6M: PKTuU_CtT6M: no de subtitles came back, and the video could not be inspected to say why.
  n-LF0mRew-U: n-LF0mRew-U: no de subtitles came back, and the video could not be inspected to say why.
  b5LV-xNLPvo: b5LV-xNLPvo: no de subtitles came back, and the video could not be inspected to say why.
  hlfUq8uCFLY: hlfUq8uCFLY: no de subtitles came back, and the video could not be inspected to say why.
  G78pyAXZnvs: G78pyAXZnvs: no de subtitles came back, and the video could not be inspected to say why.
  Q37zNBAvnjE: Q37zNBAvnjE: no de subtitles came back, and the video could not be inspected to say why.
  0q2HGiYAOhs: 0q2HGiYAOhs: no de subtitles came back, and the video could not be inspected to say why.
  lBxFHMDs5zk: lBxFHMDs5zk: no de subtitles came back, and the video could not be inspected to say why.
  ci6__fL_pUM: ci6__fL_pUM: no de subtitles came back, and the video could not be inspected to say why.
  LQgTBIJRLKc: LQgTBIJRLKc: no de subtitles came back, and the video could not be inspected to say why.
  rUDIU5lFP7Q: rUDIU5lFP7Q: no de subtitles came back, and the video could not be inspected to say why.
  Btm0WRv127I: Btm0WRv127I: no de subtitles came back, and the video could not be inspected to say why.
  NJkFx8iy11M: NJkFx8iy11M: no de subtitles came back, and the video could not be inspected to say why.
  t16sbZCvdNQ: t16sbZCvdNQ: no de subtitles came back, and the video could not be inspected to say why.
  N7BDz-96ACM: N7BDz-96ACM: no de subtitles came back, and the video could not be inspected to say why.
  m5X9bMWdvhY: m5X9bMWdvhY: no de subtitles came back, and the video could not be inspected to say why.
  ZeBbACVczu0: ZeBbACVczu0: no de subtitles came back, and the video could not be inspected to say why.
  86pRSn-V-6w: 86pRSn-V-6w: no de subtitles came back, and the video could not be inspected to say why.
  L6NVgK_SNmo: L6NVgK_SNmo: no de subtitles came back, and the video could not be inspected to say why.
  -ZaJPC9IX1Q: -ZaJPC9IX1Q: no de subtitles came back, and the video could not be inspected to say why.
  HFE-YEqaLAc: HFE-YEqaLAc: no de subtitles came back, and the video could not be inspected to say why.
  TboBnlzlmU8: TboBnlzlmU8: no de subtitles came back, and the video could not be inspected to say why.
  GUn_i408u_4: GUn_i408u_4: no de subtitles came back, and the video could not be inspected to say why.
  g-8NLfZsBcY: g-8NLfZsBcY: no de subtitles came back, and the video could not be inspected to say why.
  TguawcITG0g: TguawcITG0g: no de subtitles came back, and the video could not be inspected to say why.
  hsujiHbjZAw: hsujiHbjZAw: no de subtitles came back, and the video could not be inspected to say why.
  gRDtXlfKK9A: gRDtXlfKK9A: no de subtitles came back, and the video could not be inspected to say why.
  ScPXSX7Zv4o: ScPXSX7Zv4o: no de subtitles came back, and the video could not be inspected to say why.
  0Ne5UBsddb4: 0Ne5UBsddb4: no de subtitles came back, and the video could not be inspected to say why.
  rpYzMo3_PNA: rpYzMo3_PNA: no de subtitles came back, and the video could not be inspected to say why.
  uqQIheer6Q0: uqQIheer6Q0: no de subtitles came back, and the video could not be inspected to say why.
  Ly8jtI23CLE: Ly8jtI23CLE: no de subtitles came back, and the video could not be inspected to say why.
  sL780zddTbw: sL780zddTbw: no de subtitles came back, and the video could not be inspected to say why.
  06vA2V5mbb0: 06vA2V5mbb0: no de subtitles came back, and the video could not be inspected to say why.
  tNygS5Eo694: tNygS5Eo694: no de subtitles came back, and the video could not be inspected to say why.
  p0s8eybfmNw: p0s8eybfmNw: no de subtitles came back, and the video could not be inspected to say why.
  V8iwwOIUQPc: V8iwwOIUQPc: no de subtitles came back, and the video could not be inspected to say why.
  Fu_kLEQg9Qw: Fu_kLEQg9Qw: no de subtitles came back, and the video could not be inspected to say why.
  IvLRyCg4Ba8: IvLRyCg4Ba8: no de subtitles came back, and the video could not be inspected to say why.
  vMmqCgWC1ks: vMmqCgWC1ks: no de subtitles came back, and the video could not be inspected to say why.
  wsVw8UHvdhY: wsVw8UHvdhY: no de subtitles came back, and the video could not be inspected to say why.
  kpxV4iiqQ6o: kpxV4iiqQ6o: no de subtitles came back, and the video could not be inspected to say why.
  CRKVXyTRCTI: CRKVXyTRCTI: no de subtitles came back, and the video could not be inspected to say why.
  S8uRpX7GLeg: S8uRpX7GLeg: no de subtitles came back, and the video could not be inspected to say why.
  uQRjLh1Mrqc: uQRjLh1Mrqc: no de subtitles came back, and the video could not be inspected to say why.
  43I1fkPLyYU: 43I1fkPLyYU: no de subtitles came back, and the video could not be inspected to say why.
  ODxAMcSnKNY: ODxAMcSnKNY: no de subtitles came back, and the video could not be inspected to say why.
  2S7iEDpbNwQ: 2S7iEDpbNwQ: no de subtitles came back, and the video could not be inspected to say why.
  hTpVvuTbZ7g: hTpVvuTbZ7g: no de subtitles came back, and the video could not be inspected to say why.
  kA3uakT1QBc: kA3uakT1QBc: no de subtitles came back, and the video could not be inspected to say why.
  GUftOFx7t0A: GUftOFx7t0A: no de subtitles came back, and the video could not be inspected to say why.
  6L7SOuJnQok: 6L7SOuJnQok: no de subtitles came back, and the video could not be inspected to say why.
  OftK1paFPoM: OftK1paFPoM: no de subtitles came back, and the video could not be inspected to say why.
  714bV4hYrls: 714bV4hYrls: no de subtitles came back, and the video could not be inspected to say why.
  AaujcdbwW0w: AaujcdbwW0w: no de subtitles came back, and the video could not be inspected to say why.
  PBWcPthdmpE: PBWcPthdmpE: no de subtitles came back, and the video could not be inspected to say why.
  8zl799zw5uU: 8zl799zw5uU: no de subtitles came back, and the video could not be inspected to say why.
  qiA8VHz6Q88: qiA8VHz6Q88: no de subtitles came back, and the video could not be inspected to say why.
  Pkdr7ze03WI: Pkdr7ze03WI: no de subtitles came back, and the video could not be inspected to say why.
  O6OL_vCSTBI: O6OL_vCSTBI: no de subtitles came back, and the video could not be inspected to say why.
  2VivDHskgm4: 2VivDHskgm4: no de subtitles came back, and the video could not be inspected to say why.
  nWY24G8Iqf0: nWY24G8Iqf0: no de subtitles came back, and the video could not be inspected to say why.
  uGJU5GFTcV8: uGJU5GFTcV8: no de subtitles came back, and the video could not be inspected to say why.
  U0yza3hwJs4: U0yza3hwJs4: no de subtitles came back, and the video could not be inspected to say why.
  3u7v8pBt7IQ: 3u7v8pBt7IQ: no de subtitles came back, and the video could not be inspected to say why.
  uktqzJJ4duQ: uktqzJJ4duQ: no de subtitles came back, and the video could not be inspected to say why.
  RRp0UrbNRHw: RRp0UrbNRHw: no de subtitles came back, and the video could not be inspected to say why.
  _qG7Ov6QxGw: _qG7Ov6QxGw: no de subtitles came back, and the video could not be inspected to say why.
  cvoGq8OFkus: cvoGq8OFkus: no de subtitles came back, and the video could not be inspected to say why.
  bUhQ7Nit2jM: bUhQ7Nit2jM: no de subtitles came back, and the video could not be inspected to say why.
  QSlDd768FCo: QSlDd768FCo: no de subtitles came back, and the video could not be inspected to say why.
  icE6AwvUsBA: icE6AwvUsBA: no de subtitles came back, and the video could not be inspected to say why.
  nOipiMPum-E: nOipiMPum-E: no de subtitles came back, and the video could not be inspected to say why.
  U99JKNTVjQ8: U99JKNTVjQ8: no de subtitles came back, and the video could not be inspected to say why.
  VKdqkKzedfU: VKdqkKzedfU: no de subtitles came back, and the video could not be inspected to say why.
  HJk2WQYP5DE: HJk2WQYP5DE: no de subtitles came back, and the video could not be inspected to say why.
  mFxmdkpDl3w: mFxmdkpDl3w: no de subtitles came back, and the video could not be inspected to say why.
  9iZyfMzUW7I: 9iZyfMzUW7I: no de subtitles came back, and the video could not be inspected to say why.
  dju2DDLNcdE: dju2DDLNcdE: no de subtitles came back, and the video could not be inspected to say why.
  otg98OErVY0: otg98OErVY0: no de subtitles came back, and the video could not be inspected to say why.
  -8Rr_9bXlTY: -8Rr_9bXlTY: no de subtitles came back, and the video could not be inspected to say why.
  ROIvIYKKi58: ROIvIYKKi58: no de subtitles came back, and the video could not be inspected to say why.
  i6fkxbMIhH8: i6fkxbMIhH8: no de subtitles came back, and the video could not be inspected to say why.
  S2f4D0KdlCY: S2f4D0KdlCY: no de subtitles came back, and the video could not be inspected to say why.
  LO-Uj78Gay0: LO-Uj78Gay0: no de subtitles came back, and the video could not be inspected to say why.
  FvTmOtjZMTU: FvTmOtjZMTU: no de subtitles came back, and the video could not be inspected to say why.
  z63EudDfM08: z63EudDfM08: no de subtitles came back, and the video could not be inspected to say why.
  RRdo7eRItaY: RRdo7eRItaY: no de subtitles came back, and the video could not be inspected to say why.
  aY-oBe0GV6s: aY-oBe0GV6s: no de subtitles came back, and the video could not be inspected to say why.
  2ND1v6IAe2Y: 2ND1v6IAe2Y: no de subtitles came back, and the video could not be inspected to say why.
  rvXLJ3bBjSA: rvXLJ3bBjSA: no de subtitles came back, and the video could not be inspected to say why.
  LmrOCbPv350: LmrOCbPv350: no de subtitles came back, and the video could not be inspected to say why.
  8ctQVH-r1l8: 8ctQVH-r1l8: no de subtitles came back, and the video could not be inspected to say why.
  7WXxDy31Ygk: 7WXxDy31Ygk: no de subtitles came back, and the video could not be inspected to say why.
  QY5jE15vlK4: QY5jE15vlK4: no de subtitles came back, and the video could not be inspected to say why.
  lLh9BuSs5cw: lLh9BuSs5cw: no de subtitles came back, and the video could not be inspected to say why.
  5xoP-9TPIEw: 5xoP-9TPIEw: no de subtitles came back, and the video could not be inspected to say why.
  BKeWVna-Bz8: BKeWVna-Bz8: no de subtitles came back, and the video could not be inspected to say why.
  D-yeIB7kq84: D-yeIB7kq84: no de subtitles came back, and the video could not be inspected to say why.
  nXtZV5CpilI: nXtZV5CpilI: no de subtitles came back, and the video could not be inspected to say why.
  y3rlW1hleH0: y3rlW1hleH0: no de subtitles came back, and the video could not be inspected to say why.
  sXoni7ozwlQ: sXoni7ozwlQ: no de subtitles came back, and the video could not be inspected to say why.
  yvWybc_O1Ms: yvWybc_O1Ms: no de subtitles came back, and the video could not be inspected to say why.

analysing the new videos…
  7569 sentences to study from, 2306 more for the overlay
  roadmap [subtitle+transcript:good:list:goals]: 6 steps
  roadmap [subtitle+transcript:good:strict:goals]: 16 steps
  roadmap [subtitle:good:list:goals]: 7 steps
  roadmap [subtitle:good:strict:goals]: 16 steps
  roadmap [subtitle:list:goals]: 6 steps
